<html>
<body>
<pre>
<h1>µVision Build Log</h1>
<h2>Tool Versions:</h2>
IDE-Version: ¦ÌVision V5.25.3.0
Copyright (C) 2018 ARM Ltd and ARM Germany GmbH. All rights reserved.
License Information: 1 Microsoft, Microsoft, LIC=S5ITG-V5G2Q-BXVUY-I5T0J-4HUEL-MI8C5
 
Tool Versions:
Toolchain:       MDK-ARM Professional  Version: 5.25.2.0
Toolchain Path:  D:\Keil_v5\ARM\ARMCC\Bin
C Compiler:      Armcc.exe V5.06 update 6 (build 750)
Assembler:       Armasm.exe V5.06 update 6 (build 750)
Linker/Locator:  ArmLink.exe V5.06 update 6 (build 750)
Library Manager: ArmAr.exe V5.06 update 6 (build 750)
Hex Converter:   FromElf.exe V5.06 update 6 (build 750)
CPU DLL:         SARMCM3.DLL V5.25.2.0
Dialog DLL:      DCM.DLL V1.17.1.0
Target DLL:      Segger\JL2CM3.dll V2.99.29.0
Dialog DLL:      TCM.DLL V1.35.1.0
 
<h2>Project:</h2>
F:\JK1222BOOT\Project\RVMDK£¨uv5£©\BF-F429.uvprojx
Project File Date:  03/12/2021

<h2>Output:</h2>
*** Using Compiler 'V5.06 update 6 (build 750)', folder: 'D:\Keil_v5\ARM\ARMCC\Bin'
Build target 'LCD'
compiling main.c...
..\..\User\main.c(238): warning:  #550-D: variable "fsize"  was set but never used
        static uint32_t fsize;
..\..\User\main.c(167): warning:  #177-D: function "read_write_flie"  was declared but never referenced
  static void read_write_flie(void)
..\..\User\main.c: 2 warnings, 0 errors
linking...
Program Size: Code=29632 RO-data=197260 RW-data=220 ZI-data=16916  
FromELF: creating hex file...
After Build - User command #1: D:\Keil_v5\ARM\ARMCC\bin\fromelf.exe --bin -o ..\..\Output\update.bin ..\..\Output\LCD.axf
"..\..\Output\LCD.axf" - 0 Error(s), 2 Warning(s).

<h2>Software Packages used:</h2>

Package Vendor: ARM
                http://www.keil.com/pack/ARM.mbedTLS.1.6.1.pack
                ARM.mbedTLS.1.6.1
                ARM mbed Cryptographic and SSL/TLS library
   * Component: mbed TLS Version: 2.17.0

Package Vendor: Keil
                http://www.keil.com/pack/Keil.STM32F4xx_DFP.2.12.0.pack
                Keil.STM32F4xx_DFP.2.12.0
                STMicroelectronics STM32F4 Series Device Support, Drivers and Examples

<h2>Collection of Component include folders:</h2>
  .\RTE\Security
  .\RTE\_LCD
  D:\Keil_v5\ARM\PACK\ARM\mbedTLS\1.6.1\include
  D:\Keil_v5\ARM\PACK\Keil\STM32F4xx_DFP\2.12.0\Drivers\CMSIS\Device\ST\STM32F4xx\Include

<h2>Collection of Component Files used:</h2>

   * Component: ARM::Security:mbed TLS:2.17.0
      Include file:  configs\mbedTLS_config.h
      Source file:   library\aes.c
      Source file:   library\arc4.c
      Source file:   library\aria.c
      Source file:   library\asn1parse.c
      Source file:   library\asn1write.c
      Source file:   library\base64.c
      Source file:   library\bignum.c
      Source file:   library\blowfish.c
      Source file:   library\camellia.c
      Source file:   library\ccm.c
      Source file:   library\chacha20.c
      Source file:   library\chachapoly.c
      Source file:   library\certs.c
      Source file:   library\cipher.c
      Source file:   library\cipher_wrap.c
      Source file:   library\cmac.c
      Source file:   library\ctr_drbg.c
      Source file:   library\debug.c
      Source file:   library\des.c
      Source file:   library\dhm.c
      Source file:   library\ecdh.c
      Source file:   library\ecdsa.c
      Source file:   library\ecjpake.c
      Source file:   library\ecp.c
      Source file:   library\ecp_curves.c
      Source file:   library\entropy.c
      Source file:   library\entropy_poll.c
      Source file:   library\error.c
      Source file:   library\gcm.c
      Source file:   library\havege.c
      Source file:   library\hkdf.c
      Source file:   library\hmac_drbg.c
      Source file:   library\md.c
      Source file:   library\md_wrap.c
      Source file:   library\md2.c
      Source file:   library\md4.c
      Source file:   library\md5.c
      Source file:   library\memory_buffer_alloc.c
      Source file:   library\net_sockets.c
      Source file:   library\nist_kw.c
      Source file:   library\oid.c
      Source file:   library\pem.c
      Source file:   library\pk.c
      Source file:   library\pk_wrap.c
      Source file:   library\pkcs5.c
      Source file:   library\pkcs11.c
      Source file:   library\pkcs12.c
      Source file:   library\pkparse.c
      Source file:   library\pkwrite.c
      Source file:   library\platform.c
      Source file:   library\platform_util.c
      Source file:   library\poly1305.c
      Source file:   library\ripemd160.c
      Source file:   library\rsa.c
      Source file:   library\rsa_internal.c
      Source file:   library\sha1.c
      Source file:   library\sha256.c
      Source file:   library\sha512.c
      Source file:   library\ssl_cache.c
      Source file:   library\ssl_ciphersuites.c
      Source file:   library\ssl_cli.c
      Source file:   library\ssl_cookie.c
      Source file:   library\ssl_srv.c
      Source file:   library\ssl_ticket.c
      Source file:   library\ssl_tls.c
      Source file:   library\threading.c
      Source file:   library\timing.c
      Source file:   library\version.c
      Source file:   library\version_features.c
      Source file:   library\x509.c
      Source file:   library\x509_create.c
      Source file:   library\x509_crl.c
      Source file:   library\x509_crt.c
      Source file:   library\x509_csr.c
      Source file:   library\x509write_crt.c
      Source file:   library\x509write_csr.c
      Source file:   library\xtea.c
Build Time Elapsed:  00:00:03
</pre>
</body>
</html>
