Component: ARM Compiler 5.06 update 6 (build 750) Tool: armlink [4d35ed]

==============================================================================

Section Cross References

    startup_stm32f429_439xx.o(RESET) refers to startup_stm32f429_439xx.o(STACK) for __initial_sp
    startup_stm32f429_439xx.o(RESET) refers to startup_stm32f429_439xx.o(.text) for Reset_Handler
    startup_stm32f429_439xx.o(RESET) refers to stm32f4xx_it.o(i.NMI_Handler) for NMI_Handler
    startup_stm32f429_439xx.o(RESET) refers to stm32f4xx_it.o(i.HardFault_Handler) for HardFault_Handler
    startup_stm32f429_439xx.o(RESET) refers to stm32f4xx_it.o(i.MemManage_Handler) for MemManage_Handler
    startup_stm32f429_439xx.o(RESET) refers to stm32f4xx_it.o(i.BusFault_Handler) for BusFault_Handler
    startup_stm32f429_439xx.o(RESET) refers to stm32f4xx_it.o(i.UsageFault_Handler) for UsageFault_Handler
    startup_stm32f429_439xx.o(RESET) refers to stm32f4xx_it.o(i.SVC_Handler) for SVC_Handler
    startup_stm32f429_439xx.o(RESET) refers to stm32f4xx_it.o(i.DebugMon_Handler) for DebugMon_Handler
    startup_stm32f429_439xx.o(RESET) refers to stm32f4xx_it.o(i.PendSV_Handler) for PendSV_Handler
    startup_stm32f429_439xx.o(RESET) refers to stm32f4xx_it.o(i.SysTick_Handler) for SysTick_Handler
    startup_stm32f429_439xx.o(RESET) refers to usbh_it.o(i.TIM2_IRQHandler) for TIM2_IRQHandler
    startup_stm32f429_439xx.o(RESET) refers to stm32f4xx_it.o(i.TIM6_DAC_IRQHandler) for TIM6_DAC_IRQHandler
    startup_stm32f429_439xx.o(RESET) refers to usbh_it.o(i.OTG_HS_IRQHandler) for OTG_HS_IRQHandler
    startup_stm32f429_439xx.o(.text) refers to system_stm32f4xx.o(i.SystemInit) for SystemInit
    startup_stm32f429_439xx.o(.text) refers to entry.o(.ARM.Collect$$$$00000000) for __main
    system_stm32f4xx.o(i.SystemCoreClockUpdate) refers to system_stm32f4xx.o(.data) for .data
    system_stm32f4xx.o(i.SystemInit) refers to system_stm32f4xx.o(i.SetSysClock) for SetSysClock
    stm32f4xx_adc.o(i.ADC_DeInit) refers to stm32f4xx_rcc.o(i.RCC_APB2PeriphResetCmd) for RCC_APB2PeriphResetCmd
    stm32f4xx_can.o(i.CAN_DeInit) refers to stm32f4xx_rcc.o(i.RCC_APB1PeriphResetCmd) for RCC_APB1PeriphResetCmd
    stm32f4xx_can.o(i.CAN_GetITStatus) refers to stm32f4xx_can.o(i.CheckITStatus) for CheckITStatus
    stm32f4xx_cryp.o(i.CRYP_DeInit) refers to stm32f4xx_rcc.o(i.RCC_AHB2PeriphResetCmd) for RCC_AHB2PeriphResetCmd
    stm32f4xx_cryp_aes.o(i.CRYP_AES_CBC) refers to stm32f4xx_cryp.o(i.CRYP_KeyStructInit) for CRYP_KeyStructInit
    stm32f4xx_cryp_aes.o(i.CRYP_AES_CBC) refers to stm32f4xx_cryp.o(i.CRYP_KeyInit) for CRYP_KeyInit
    stm32f4xx_cryp_aes.o(i.CRYP_AES_CBC) refers to stm32f4xx_cryp.o(i.CRYP_Init) for CRYP_Init
    stm32f4xx_cryp_aes.o(i.CRYP_AES_CBC) refers to stm32f4xx_cryp.o(i.CRYP_IVInit) for CRYP_IVInit
    stm32f4xx_cryp_aes.o(i.CRYP_AES_CBC) refers to stm32f4xx_cryp.o(i.CRYP_FIFOFlush) for CRYP_FIFOFlush
    stm32f4xx_cryp_aes.o(i.CRYP_AES_CBC) refers to stm32f4xx_cryp.o(i.CRYP_Cmd) for CRYP_Cmd
    stm32f4xx_cryp_aes.o(i.CRYP_AES_CBC) refers to stm32f4xx_cryp.o(i.CRYP_GetCmdStatus) for CRYP_GetCmdStatus
    stm32f4xx_cryp_aes.o(i.CRYP_AES_CBC) refers to stm32f4xx_cryp.o(i.CRYP_GetFlagStatus) for CRYP_GetFlagStatus
    stm32f4xx_cryp_aes.o(i.CRYP_AES_CBC) refers to stm32f4xx_cryp.o(i.CRYP_DataIn) for CRYP_DataIn
    stm32f4xx_cryp_aes.o(i.CRYP_AES_CBC) refers to stm32f4xx_cryp.o(i.CRYP_DataOut) for CRYP_DataOut
    stm32f4xx_cryp_aes.o(i.CRYP_AES_CCM) refers to stm32f4xx_cryp.o(i.CRYP_KeyStructInit) for CRYP_KeyStructInit
    stm32f4xx_cryp_aes.o(i.CRYP_AES_CCM) refers to stm32f4xx_cryp.o(i.CRYP_FIFOFlush) for CRYP_FIFOFlush
    stm32f4xx_cryp_aes.o(i.CRYP_AES_CCM) refers to stm32f4xx_cryp.o(i.CRYP_KeyInit) for CRYP_KeyInit
    stm32f4xx_cryp_aes.o(i.CRYP_AES_CCM) refers to stm32f4xx_cryp.o(i.CRYP_IVInit) for CRYP_IVInit
    stm32f4xx_cryp_aes.o(i.CRYP_AES_CCM) refers to stm32f4xx_cryp.o(i.CRYP_Init) for CRYP_Init
    stm32f4xx_cryp_aes.o(i.CRYP_AES_CCM) refers to stm32f4xx_cryp.o(i.CRYP_PhaseConfig) for CRYP_PhaseConfig
    stm32f4xx_cryp_aes.o(i.CRYP_AES_CCM) refers to stm32f4xx_cryp.o(i.CRYP_DataIn) for CRYP_DataIn
    stm32f4xx_cryp_aes.o(i.CRYP_AES_CCM) refers to stm32f4xx_cryp.o(i.CRYP_Cmd) for CRYP_Cmd
    stm32f4xx_cryp_aes.o(i.CRYP_AES_CCM) refers to stm32f4xx_cryp.o(i.CRYP_GetCmdStatus) for CRYP_GetCmdStatus
    stm32f4xx_cryp_aes.o(i.CRYP_AES_CCM) refers to stm32f4xx_cryp.o(i.CRYP_GetFlagStatus) for CRYP_GetFlagStatus
    stm32f4xx_cryp_aes.o(i.CRYP_AES_CCM) refers to stm32f4xx_cryp.o(i.CRYP_DataOut) for CRYP_DataOut
    stm32f4xx_cryp_aes.o(i.CRYP_AES_CTR) refers to stm32f4xx_cryp.o(i.CRYP_KeyStructInit) for CRYP_KeyStructInit
    stm32f4xx_cryp_aes.o(i.CRYP_AES_CTR) refers to stm32f4xx_cryp.o(i.CRYP_KeyInit) for CRYP_KeyInit
    stm32f4xx_cryp_aes.o(i.CRYP_AES_CTR) refers to stm32f4xx_cryp.o(i.CRYP_Init) for CRYP_Init
    stm32f4xx_cryp_aes.o(i.CRYP_AES_CTR) refers to stm32f4xx_cryp.o(i.CRYP_IVInit) for CRYP_IVInit
[...]
    .constdata                               0x08035404   Section     8744  aes.o(.constdata)
    FSb                                      0x08035404   Data         256  aes.o(.constdata)
    FT0                                      0x08035504   Data        1024  aes.o(.constdata)
    FT1                                      0x08035904   Data        1024  aes.o(.constdata)
    FT2                                      0x08035d04   Data        1024  aes.o(.constdata)
    FT3                                      0x08036104   Data        1024  aes.o(.constdata)
    RSb                                      0x08036504   Data         256  aes.o(.constdata)
    RT0                                      0x08036604   Data        1024  aes.o(.constdata)
    RT1                                      0x08036a04   Data        1024  aes.o(.constdata)
    RT2                                      0x08036e04   Data        1024  aes.o(.constdata)
    RT3                                      0x08037204   Data        1024  aes.o(.constdata)
    RCON                                     0x08037604   Data          40  aes.o(.constdata)
    .data                                    0x20000000   Section       16  main.o(.data)
    skipkey                                  0x20000001   Data           1  main.o(.data)
    Stm32_Flash_Size                         0x20000004   Data           2  main.o(.data)
    usbcount                                 0x20000006   Data           2  main.o(.data)
    fsize                                    0x20000008   Data           4  main.o(.data)
    readcount                                0x2000000c   Data           4  main.o(.data)
    .data                                    0x20000010   Section       28  bsp_lcd.o(.data)
    CurrentTextColor                         0x20000010   Data           4  bsp_lcd.o(.data)
    CurrentBackColor                         0x20000014   Data           4  bsp_lcd.o(.data)
    CurrentFrameBuffer                       0x20000018   Data           4  bsp_lcd.o(.data)
    CurrentLayer                             0x2000001c   Data           4  bsp_lcd.o(.data)
    LCD_Currentfonts                         0x20000020   Data           4  bsp_lcd.o(.data)
    .data                                    0x2000002c   Section        8  fonts.o(.data)
    .data                                    0x20000034   Section        1  pbdata.o(.data)
    .data                                    0x20000035   Section        1  pbdata.o(.data)
    .data                                    0x20000038   Section        4  pbdata.o(.data)
    .data                                    0x2000003c   Section        4  usb_bsp.o(.data)
    .data                                    0x20000040   Section       72  usbh_usr.o(.data)
    .data                                    0x20000088   Section        1  usbh_usr.o(.data)
    startup                                  0x20000088   Data           1  usbh_usr.o(.data)
    .data                                    0x2000008c   Section       12  usbh_core.o(.data)
    .data                                    0x20000098   Section        4  usbh_core.o(.data)
    .data                                    0x2000009c   Section        2  usbh_core.o(.data)
    timeout                                  0x2000009c   Data           2  usbh_core.o(.data)
    .data                                    0x2000009e   Section        4  usbh_stdreq.o(.data)
    prev_itf                                 0x2000009e   Data           1  usbh_stdreq.o(.data)
    prev_ep_size                             0x200000a0   Data           2  usbh_stdreq.o(.data)
    .data                                    0x200000a4   Section       20  usbh_msc_bot.o(.data)
    error_direction                          0x200000a4   Data           1  usbh_msc_bot.o(.data)
    remainingDataLength                      0x200000a8   Data           4  usbh_msc_bot.o(.data)
    datapointer                              0x200000ac   Data           4  usbh_msc_bot.o(.data)
    datapointer_prev                         0x200000b0   Data           4  usbh_msc_bot.o(.data)
    BOTStallErrorCount                       0x200000b4   Data           4  usbh_msc_bot.o(.data)
    .data                                    0x200000b8   Section        2  usbh_msc_core.o(.data)
    maxLunExceed                             0x200000b9   Data           1  usbh_msc_core.o(.data)
    .data                                    0x200000bc   Section       16  usbh_msc_core.o(.data)
    .data                                    0x200000cc   Section        1  usbh_msc_scsi.o(.data)
    status                                   0x200000cc   Data           1  usbh_msc_scsi.o(.data)
    .data                                    0x200000ce   Section        2  ff.o(.data)
    Fsid                                     0x200000ce   Data           2  ff.o(.data)
    .data                                    0x200000d0   Section        7  keyboard.o(.data)
    LastKeyVal                               0x200000d0   Data           1  keyboard.o(.data)
    LastKeyTicks                             0x200000d1   Data           1  keyboard.o(.data)
    ContinueKeyTicks                         0x200000d2   Data           1  keyboard.o(.data)
    .data                                    0x200000d8   Section        4  platform_util.o(.data)
    memset_func                              0x200000d8   Data           4  platform_util.o(.data)
    .bss                                     0x200000dc   Section    12668  main.o(.bss)
    plain_decrypt                            0x200000dc   Data          16  main.o(.bss)
    FDbuf                                    0x20002258   Data        2048  main.o(.bss)
    filedatabuf                              0x20002a58   Data        2048  main.o(.bss)
    .bss                                     0x20003258   Section     1452  usbh_usr.o(.bss)
    .bss                                     0x20003804   Section      132  usbh_usr.o(.bss)
    .bss                                     0x20003888   Section      512  usbh_stdreq.o(.bss)
    .bss                                     0x20003a88   Section       64  usbh_msc_bot.o(.bss)
    .bss                                     0x20003ac8   Section      522  usbh_msc_core.o(.bss)
    .bss                                     0x20003cd4   Section      528  usbh_msc_scsi.o(.bss)
    .bss                                     0x20003ee4   Section       12  ff.o(.bss)
    FatFs                                    0x20003ee4   Data          12  ff.o(.bss)
    STACK                                    0x20003ef0   Section     1024  startup_stm32f429_439xx.o(STACK)

    Global Symbols

    Symbol Name                              Value     Ov Type        Size  Object(Section)

    BuildAttributes$$THM_ISAv4$E$P$D$K$B$S$7EM$VFPi3$EXTD16$VFPS$VFMA$PE$A:L22UL41UL21$X:L11$S22US41US21$IEEE1$IW$USESV6$~STKCKD$USESV7$~SHL$OSPACE$ROPI$EBA8$MICROLIB$REQ8$PRES8$EABIv2 0x00000000   Number         0  anon$$obj.o ABSOLUTE
    __ARM_use_no_argv                        0x00000000   Number         0  main.o ABSOLUTE
    _printf_a                                0x00000000   Number         0  stubs.o ABSOLUTE
    _printf_c                                0x00000000   Number         0  stubs.o ABSOLUTE
    _printf_charcount                        0x00000000   Number         0  stubs.o ABSOLUTE
    _printf_d                                0x00000000   Number         0  stubs.o ABSOLUTE
    _printf_e                                0x00000000   Number         0  stubs.o ABSOLUTE
    _printf_f                                0x00000000   Number         0  stubs.o ABSOLUTE
    _printf_flags                            0x00000000   Number         0  stubs.o ABSOLUTE
    _printf_fp_dec                           0x00000000   Number         0  stubs.o ABSOLUTE
    _printf_fp_hex                           0x00000000   Number         0  stubs.o ABSOLUTE
    _printf_g                                0x00000000   Number         0  stubs.o ABSOLUTE
    _printf_i                                0x00000000   Number         0  stubs.o ABSOLUTE
    _printf_int_dec                          0x00000000   Number         0  stubs.o ABSOLUTE
    _printf_l                                0x00000000   Number         0  stubs.o ABSOLUTE
    _printf_lc                               0x00000000   Number         0  stubs.o ABSOLUTE
    _printf_ll                               0x00000000   Number         0  stubs.o ABSOLUTE
    _printf_lld                              0x00000000   Number         0  stubs.o ABSOLUTE
    _printf_lli                              0x00000000   Number         0  stubs.o ABSOLUTE
    _printf_llo                              0x00000000   Number         0  stubs.o ABSOLUTE
    _printf_llu                              0x00000000   Number         0  stubs.o ABSOLUTE
    _printf_llx                              0x00000000   Number         0  stubs.o ABSOLUTE
    _printf_longlong_dec                     0x00000000   Number         0  stubs.o ABSOLUTE
    _printf_longlong_hex                     0x00000000   Number         0  stubs.o ABSOLUTE
    _printf_longlong_oct                     0x00000000   Number         0  stubs.o ABSOLUTE
    _printf_ls                               0x00000000   Number         0  stubs.o ABSOLUTE
    _printf_mbtowc                           0x00000000   Number         0  stubs.o ABSOLUTE
    _printf_n                                0x00000000   Number         0  stubs.o ABSOLUTE
    _printf_o                                0x00000000   Number         0  stubs.o ABSOLUTE
    _printf_p                                0x00000000   Number         0  stubs.o ABSOLUTE
    _printf_percent                          0x00000000   Number         0  stubs.o ABSOLUTE
    _printf_pre_padding                      0x00000000   Number         0  stubs.o ABSOLUTE
    _printf_return_value                     0x00000000   Number         0  stubs.o ABSOLUTE
    _printf_s                                0x00000000   Number         0  stubs.o ABSOLUTE
    _printf_sizespec                         0x00000000   Number         0  stubs.o ABSOLUTE
    _printf_str                              0x00000000   Number         0  stubs.o ABSOLUTE
    _printf_truncate_signed                  0x00000000   Number         0  stubs.o ABSOLUTE
    _printf_truncate_unsigned                0x00000000   Number         0  stubs.o ABSOLUTE
    _printf_u                                0x00000000   Number         0  stubs.o ABSOLUTE
    _printf_wc                               0x00000000   Number         0  stubs.o ABSOLUTE
    _printf_wctomb                           0x00000000   Number         0  stubs.o ABSOLUTE
    _printf_widthprec                        0x00000000   Number         0  stubs.o ABSOLUTE
    _printf_x                                0x00000000   Number         0  stubs.o ABSOLUTE
    __cpp_initialize__aeabi_                  - Undefined Weak Reference
    __cxa_finalize                            - Undefined Weak Reference
    __decompress                              - Undefined Weak Reference
    _clock_init                               - Undefined Weak Reference
    _microlib_exit                            - Undefined Weak Reference
    __Vectors_Size                           0x000001ac   Number         0  startup_stm32f429_439xx.o ABSOLUTE
    __Vectors                                0x08000000   Data           4  startup_stm32f429_439xx.o(RESET)
    __Vectors_End                            0x080001ac   Data           0  startup_stm32f429_439xx.o(RESET)
    __main                                   0x080001ad   Thumb Code     0  entry.o(.ARM.Collect$$$$00000000)
    _main_stk                                0x080001ad   Thumb Code     0  entry2.o(.ARM.Collect$$$$00000001)
    _main_scatterload                        0x080001b1   Thumb Code     0  entry5.o(.ARM.Collect$$$$00000004)
    __main_after_scatterload                 0x080001b5   Thumb Code     0  entry5.o(.ARM.Collect$$$$00000004)
    _main_clock                              0x080001b5   Thumb Code     0  entry7b.o(.ARM.Collect$$$$00000008)
    _main_cpp_init                           0x080001b5   Thumb Code     0  entry8b.o(.ARM.Collect$$$$0000000A)
    _main_init                               0x080001b5   Thumb Code     0  entry9a.o(.ARM.Collect$$$$0000000B)
    __rt_final_cpp                           0x080001bd   Thumb Code     0  entry10a.o(.ARM.Collect$$$$0000000D)
    __rt_final_exit                          0x080001bd   Thumb Code     0  entry11a.o(.ARM.Collect$$$$0000000F)
    Reset_Handler                            0x080001c1   Thumb Code     8  startup_stm32f429_439xx.o(.text)
    ADC_IRQHandler                           0x080001db   Thumb Code     0  startup_stm32f429_439xx.o(.text)
    CAN1_RX0_IRQHandler                      0x080001db   Thumb Code     0  startup_stm32f429_439xx.o(.text)
    CAN1_RX1_IRQHandler                      0x080001db   Thumb Code     0  startup_stm32f429_439xx.o(.text)
    CAN1_SCE_IRQHandler                      0x080001db   Thumb Code     0  startup_stm32f429_439xx.o(.text)
    CAN1_TX_IRQHandler                       0x080001db   Thumb Code     0  startup_stm32f429_439xx.o(.text)
    CAN2_RX0_IRQHandler                      0x080001db   Thumb Code     0  startup_stm32f429_439xx.o(.text)
    CAN2_RX1_IRQHandler                      0x080001db   Thumb Code     0  startup_stm32f429_439xx.o(.text)
    CAN2_SCE_IRQHandler                      0x080001db   Thumb Code     0  startup_stm32f429_439xx.o(.text)
    CAN2_TX_IRQHandler                       0x080001db   Thumb Code     0  startup_stm32f429_439xx.o(.text)
    CRYP_IRQHandler                          0x080001db   Thumb Code     0  startup_stm32f429_439xx.o(.text)
    DCMI_IRQHandler                          0x080001db   Thumb Code     0  startup_stm32f429_439xx.o(.text)
    DMA1_Stream0_IRQHandler                  0x080001db   Thumb Code     0  startup_stm32f429_439xx.o(.text)
    DMA1_Stream1_IRQHandler                  0x080001db   Thumb Code     0  startup_stm32f429_439xx.o(.text)
    DMA1_Stream2_IRQHandler                  0x080001db   Thumb Code     0  startup_stm32f429_439xx.o(.text)
    DMA1_Stream3_IRQHandler                  0x080001db   Thumb Code     0  startup_stm32f429_439xx.o(.text)
    DMA1_Stream4_IRQHandler                  0x080001db   Thumb Code     0  startup_stm32f429_439xx.o(.text)
    DMA1_Stream5_IRQHandler                  0x080001db   Thumb Code     0  startup_stm32f429_439xx.o(.text)
    DMA1_Stream6_IRQHandler                  0x080001db   Thumb Code     0  startup_stm32f429_439xx.o(.text)
    DMA1_Stream7_IRQHandler                  0x080001db   Thumb Code     0  startup_stm32f429_439xx.o(.text)
    DMA2D_IRQHandler                         0x080001db   Thumb Code     0  startup_stm32f429_439xx.o(.text)
    DMA2_Stream0_IRQHandler                  0x080001db   Thumb Code     0  startup_stm32f429_439xx.o(.text)
    DMA2_Stream1_IRQHandler                  0x080001db   Thumb Code     0  startup_stm32f429_439xx.o(.text)
    DMA2_Stream2_IRQHandler                  0x080001db   Thumb Code     0  startup_stm32f429_439xx.o(.text)
    DMA2_Stream3_IRQHandler                  0x080001db   Thumb Code     0  startup_stm32f429_439xx.o(.text)
    DMA2_Stream4_IRQHandler                  0x080001db   Thumb Code     0  startup_stm32f429_439xx.o(.text)
    DMA2_Stream5_IRQHandler                  0x080001db   Thumb Code     0  startup_stm32f429_439xx.o(.text)
    DMA2_Stream6_IRQHandler                  0x080001db   Thumb Code     0  startup_stm32f429_439xx.o(.text)
    DMA2_Stream7_IRQHandler                  0x080001db   Thumb Code     0  startup_stm32f429_439xx.o(.text)
    ETH_IRQHandler                           0x080001db   Thumb Code     0  startup_stm32f429_439xx.o(.text)
    ETH_WKUP_IRQHandler                      0x080001db   Thumb Code     0  startup_stm32f429_439xx.o(.text)
    EXTI0_IRQHandler                         0x080001db   Thumb Code     0  startup_stm32f429_439xx.o(.text)
    EXTI15_10_IRQHandler                     0x080001db   Thumb Code     0  startup_stm32f429_439xx.o(.text)
    EXTI1_IRQHandler                         0x080001db   Thumb Code     0  startup_stm32f429_439xx.o(.text)
    EXTI2_IRQHandler                         0x080001db   Thumb Code     0  startup_stm32f429_439xx.o(.text)
    EXTI3_IRQHandler                         0x080001db   Thumb Code     0  startup_stm32f429_439xx.o(.text)
    EXTI4_IRQHandler                         0x080001db   Thumb Code     0  startup_stm32f429_439xx.o(.text)
    EXTI9_5_IRQHandler                       0x080001db   Thumb Code     0  startup_stm32f429_439xx.o(.text)
    FLASH_IRQHandler                         0x080001db   Thumb Code     0  startup_stm32f429_439xx.o(.text)
    FMC_IRQHandler                           0x080001db   Thumb Code     0  startup_stm32f429_439xx.o(.text)
    FPU_IRQHandler                           0x080001db   Thumb Code     0  startup_stm32f429_439xx.o(.text)
    HASH_RNG_IRQHandler                      0x080001db   Thumb Code     0  startup_stm32f429_439xx.o(.text)
    I2C1_ER_IRQHandler                       0x080001db   Thumb Code     0  startup_stm32f429_439xx.o(.text)
    I2C1_EV_IRQHandler                       0x080001db   Thumb Code     0  startup_stm32f429_439xx.o(.text)
    I2C2_ER_IRQHandler                       0x080001db   Thumb Code     0  startup_stm32f429_439xx.o(.text)
    I2C2_EV_IRQHandler                       0x080001db   Thumb Code     0  startup_stm32f429_439xx.o(.text)
    I2C3_ER_IRQHandler                       0x080001db   Thumb Code     0  startup_stm32f429_439xx.o(.text)
    I2C3_EV_IRQHandler                       0x080001db   Thumb Code     0  startup_stm32f429_439xx.o(.text)
    LTDC_ER_IRQHandler                       0x080001db   Thumb Code     0  startup_stm32f429_439xx.o(.text)
    LTDC_IRQHandler                          0x080001db   Thumb Code     0  startup_stm32f429_439xx.o(.text)
    OTG_FS_IRQHandler                        0x080001db   Thumb Code     0  startup_stm32f429_439xx.o(.text)
    OTG_FS_WKUP_IRQHandler                   0x080001db   Thumb Code     0  startup_stm32f429_439xx.o(.text)
    OTG_HS_EP1_IN_IRQHandler                 0x080001db   Thumb Code     0  startup_stm32f429_439xx.o(.text)
    OTG_HS_EP1_OUT_IRQHandler                0x080001db   Thumb Code     0  startup_stm32f429_439xx.o(.text)
    OTG_HS_WKUP_IRQHandler                   0x080001db   Thumb Code     0  startup_stm32f429_439xx.o(.text)
    PVD_IRQHandler                           0x080001db   Thumb Code     0  startup_stm32f429_439xx.o(.text)
    RCC_IRQHandler                           0x080001db   Thumb Code     0  startup_stm32f429_439xx.o(.text)
    RTC_Alarm_IRQHandler                     0x080001db   Thumb Code     0  startup_stm32f429_439xx.o(.text)
    RTC_WKUP_IRQHandler                      0x080001db   Thumb Code     0  startup_stm32f429_439xx.o(.text)
    SAI1_IRQHandler                          0x080001db   Thumb Code     0  startup_stm32f429_439xx.o(.text)
    SDIO_IRQHandler                          0x080001db   Thumb Code     0  startup_stm32f429_439xx.o(.text)
    SPI1_IRQHandler                          0x080001db   Thumb Code     0  startup_stm32f429_439xx.o(.text)
    SPI2_IRQHandler                          0x080001db   Thumb Code     0  startup_stm32f429_439xx.o(.text)
    SPI3_IRQHandler                          0x080001db   Thumb Code     0  startup_stm32f429_439xx.o(.text)
    SPI4_IRQHandler                          0x080001db   Thumb Code     0  startup_stm32f429_439xx.o(.text)
    SPI5_IRQHandler                          0x080001db   Thumb Code     0  startup_stm32f429_439xx.o(.text)
    SPI6_IRQHandler                          0x080001db   Thumb Code     0  startup_stm32f429_439xx.o(.text)
    TAMP_STAMP_IRQHandler                    0x080001db   Thumb Code     0  startup_stm32f429_439xx.o(.text)
    TIM1_BRK_TIM9_IRQHandler                 0x080001db   Thumb Code     0  startup_stm32f429_439xx.o(.text)
    TIM1_CC_IRQHandler                       0x080001db   Thumb Code     0  startup_stm32f429_439xx.o(.text)
    TIM1_TRG_COM_TIM11_IRQHandler            0x080001db   Thumb Code     0  startup_stm32f429_439xx.o(.text)
    TIM1_UP_TIM10_IRQHandler                 0x080001db   Thumb Code     0  startup_stm32f429_439xx.o(.text)
    TIM3_IRQHandler                          0x080001db   Thumb Code     0  startup_stm32f429_439xx.o(.text)
    TIM4_IRQHandler                          0x080001db   Thumb Code     0  startup_stm32f429_439xx.o(.text)
    TIM5_IRQHandler                          0x080001db   Thumb Code     0  startup_stm32f429_439xx.o(.text)
    TIM7_IRQHandler                          0x080001db   Thumb Code     0  startup_stm32f429_439xx.o(.text)
    TIM8_BRK_TIM12_IRQHandler                0x080001db   Thumb Code     0  startup_stm32f429_439xx.o(.text)
    TIM8_CC_IRQHandler                       0x080001db   Thumb Code     0  startup_stm32f429_439xx.o(.text)
    TIM8_TRG_COM_TIM14_IRQHandler            0x080001db   Thumb Code     0  startup_stm32f429_439xx.o(.text)
    TIM8_UP_TIM13_IRQHandler                 0x080001db   Thumb Code     0  startup_stm32f429_439xx.o(.text)
    UART4_IRQHandler                         0x080001db   Thumb Code     0  startup_stm32f429_439xx.o(.text)
    UART5_IRQHandler                         0x080001db   Thumb Code     0  startup_stm32f429_439xx.o(.text)
    UART7_IRQHandler                         0x080001db   Thumb Code     0  startup_stm32f429_439xx.o(.text)
    UART8_IRQHandler                         0x080001db   Thumb Code     0  startup_stm32f429_439xx.o(.text)
    USART1_IRQHandler                        0x080001db   Thumb Code     0  startup_stm32f429_439xx.o(.text)
    USART2_IRQHandler                        0x080001db   Thumb Code     0  startup_stm32f429_439xx.o(.text)
    USART3_IRQHandler                        0x080001db   Thumb Code     0  startup_stm32f429_439xx.o(.text)
    USART6_IRQHandler                        0x080001db   Thumb Code     0  startup_stm32f429_439xx.o(.text)
    WWDG_IRQHandler                          0x080001db   Thumb Code     0  startup_stm32f429_439xx.o(.text)
    __aeabi_memcpy                           0x080001e5   Thumb Code    36  memcpya.o(.text)
    __aeabi_memcpy4                          0x080001e5   Thumb Code     0  memcpya.o(.text)
    __aeabi_memcpy8                          0x080001e5   Thumb Code     0  memcpya.o(.text)
    __aeabi_memset                           0x08000209   Thumb Code    14  memseta.o(.text)
    __aeabi_memset4                          0x08000209   Thumb Code     0  memseta.o(.text)
    __aeabi_memset8                          0x08000209   Thumb Code     0  memseta.o(.text)
    __aeabi_memclr                           0x08000217   Thumb Code     4  memseta.o(.text)
    __aeabi_memclr4                          0x08000217   Thumb Code     0  memseta.o(.text)
    __aeabi_memclr8                          0x08000217   Thumb Code     0  memseta.o(.text)
    memset                                   0x0800021b   Thumb Code    18  memseta.o(.text)
    __scatterload                            0x0800022d   Thumb Code    28  init.o(.text)
    __scatterload_rt2                        0x0800022d   Thumb Code     0  init.o(.text)
    Beep_Off                                 0x080002e1   Thumb Code    10  main.o(i.Beep_Off)
    Beep_On                                  0x080002f1   Thumb Code    10  main.o(i.Beep_On)
    BusFault_Handler                         0x08000301   Thumb Code     2  stm32f4xx_it.o(i.BusFault_Handler)
    DMA2D_DeInit                             0x08000303   Thumb Code    24  stm32f4xx_dma2d.o(i.DMA2D_DeInit)
    DMA2D_GetFlagStatus                      0x0800031d   Thumb Code    16  stm32f4xx_dma2d.o(i.DMA2D_GetFlagStatus)
    DMA2D_Init                               0x08000331   Thumb Code   174  stm32f4xx_dma2d.o(i.DMA2D_Init)
    DMA2D_StartTransfer                      0x080003e9   Thumb Code    12  stm32f4xx_dma2d.o(i.DMA2D_StartTransfer)
    DebugMon_Handler                         0x080003f9   Thumb Code     2  stm32f4xx_it.o(i.DebugMon_Handler)
    Delay                                    0x080003fb   Thumb Code    18  main.o(i.Delay)
    EXTI_DeInit                              0x0800040d   Thumb Code    28  stm32f4xx_exti.o(i.EXTI_DeInit)
    FLASH_ClearFlag                          0x08000431   Thumb Code     6  stm32f4xx_flash.o(i.FLASH_ClearFlag)
    FLASH_EraseSector                        0x0800043d   Thumb Code   106  stm32f4xx_flash.o(i.FLASH_EraseSector)
    FLASH_GetStatus                          0x080004ad   Thumb Code    56  stm32f4xx_flash.o(i.FLASH_GetStatus)
    FLASH_If_Erase                           0x080004e9   Thumb Code    64  flash_if.o(i.FLASH_If_Erase)
    FLASH_If_Write                           0x0800052d   Thumb Code    76  flash_if.o(i.FLASH_If_Write)
    FLASH_ProgramWord                        0x0800057d   Thumb Code    56  stm32f4xx_flash.o(i.FLASH_ProgramWord)
    FLASH_Unlock                             0x080005b9   Thumb Code    22  stm32f4xx_flash.o(i.FLASH_Unlock)
    FLASH_WaitForLastOperation               0x080005dd   Thumb Code    34  stm32f4xx_flash.o(i.FLASH_WaitForLastOperation)
    FMC_GetFlagStatus                        0x080005ff   Thumb Code    54  stm32f4xx_fmc.o(i.FMC_GetFlagStatus)
    FMC_SDRAMCmdConfig                       0x08000635   Thumb Code    26  stm32f4xx_fmc.o(i.FMC_SDRAMCmdConfig)
    FMC_SDRAMInit                            0x08000655   Thumb Code   262  stm32f4xx_fmc.o(i.FMC_SDRAMInit)
    FMC_SetRefreshCount                      0x0800075d   Thumb Code    12  stm32f4xx_fmc.o(i.FMC_SetRefreshCount)
    File_IAP                                 0x0800076d   Thumb Code   328  main.o(i.File_IAP)
    GPIO_Configuration                       0x080008f1   Thumb Code    70  main.o(i.GPIO_Configuration)
    GPIO_Init                                0x08000941   Thumb Code   124  stm32f4xx_gpio.o(i.GPIO_Init)
    GPIO_PinAFConfig                         0x080009bd   Thumb Code    32  stm32f4xx_gpio.o(i.GPIO_PinAFConfig)
    GPIO_ReadInputDataBit                    0x080009dd   Thumb Code    14  stm32f4xx_gpio.o(i.GPIO_ReadInputDataBit)
    GPIO_ResetBits                           0x080009eb   Thumb Code     4  stm32f4xx_gpio.o(i.GPIO_ResetBits)
    GPIO_SetBits                             0x080009ef   Thumb Code     4  stm32f4xx_gpio.o(i.GPIO_SetBits)
    GetASCIICode                             0x080009f5   Thumb Code    14  fonts.o(i.GetASCIICode)
    HCD_GetCurrentFrame                      0x08000a09   Thumb Code     8  usb_hcd.o(i.HCD_GetCurrentFrame)
    HCD_GetCurrentSpeed                      0x08000a11   Thumb Code    12  usb_hcd.o(i.HCD_GetCurrentSpeed)
    HCD_GetURB_State                         0x08000a1d   Thumb Code     8  usb_hcd.o(i.HCD_GetURB_State)
    HCD_GetXferCnt                           0x08000a25   Thumb Code    10  usb_hcd.o(i.HCD_GetXferCnt)
    HCD_Init                                 0x08000a2f   Thumb Code    86  usb_hcd.o(i.HCD_Init)
    HCD_IsDeviceConnected                    0x08000a85   Thumb Code     6  usb_hcd.o(i.HCD_IsDeviceConnected)
    HCD_ResetPort                            0x08000a8b   Thumb Code    10  usb_hcd.o(i.HCD_ResetPort)
    HCD_SubmitRequest                        0x08000a95   Thumb Code    20  usb_hcd.o(i.HCD_SubmitRequest)
    HardFault_Handler                        0x08000aa9   Thumb Code     2  stm32f4xx_it.o(i.HardFault_Handler)
    IAP_Flash_Write                          0x08000aab   Thumb Code    12  flash_if.o(i.IAP_Flash_Write)
    IAP_Start                                0x08000ab7   Thumb Code    22  flash_if.o(i.IAP_Start)
    JumpBoot                                 0x08000acd   Thumb Code   168  main.o(i.JumpBoot)
    Key_Identiry                             0x08000b85   Thumb Code   652  keyboard.o(i.Key_Identiry)
    Key_Read                                 0x08000e2d   Thumb Code    26  keyboard.o(i.Key_Read)
    Key_Scan                                 0x08000e4d   Thumb Code   110  keyboard.o(i.Key_Scan)
    Key_beep                                 0x08000ec1   Thumb Code    20  main.o(i.Key_beep)
    Keyboard_Init                            0x08000ed9   Thumb Code   238  keyboard.o(i.Keyboard_Init)
    LCD429_PutPixel                          0x08000fe1   Thumb Code   118  bsp_lcd.o(i.LCD429_PutPixel)
    LCD_Clear                                0x08001065   Thumb Code    84  bsp_lcd.o(i.LCD_Clear)
    LCD_Init                                 0x080013bd   Thumb Code   132  bsp_lcd.o(i.LCD_Init)
    LCD_LayerInit                            0x08001441   Thumb Code   110  bsp_lcd.o(i.LCD_LayerInit)
    LCD_SetFont                              0x080014bd   Thumb Code     6  bsp_lcd.o(i.LCD_SetFont)
    LCD_SetLayer                             0x080014c9   Thumb Code    28  bsp_lcd.o(i.LCD_SetLayer)
    LCD_SetTransparency                      0x080014ed   Thumb Code    40  bsp_lcd.o(i.LCD_SetTransparency)
    LCD_ShowFontCN_16                        0x0800151d   Thumb Code   214  bsp_lcd.o(i.LCD_ShowFontCN_16)
    LED_GPIO_Config                          0x080015fd   Thumb Code    86  bsp_led.o(i.LED_GPIO_Config)
    LTDC_Cmd                                 0x08001659   Thumb Code    26  stm32f4xx_ltdc.o(i.LTDC_Cmd)
    LTDC_Init                                0x08001679   Thumb Code   156  stm32f4xx_ltdc.o(i.LTDC_Init)
    LTDC_LayerAlpha                          0x08001721   Thumb Code     4  stm32f4xx_ltdc.o(i.LTDC_LayerAlpha)
    LTDC_LayerCmd                            0x08001725   Thumb Code    24  stm32f4xx_ltdc.o(i.LTDC_LayerCmd)
    LTDC_LayerInit                           0x0800173d   Thumb Code   150  stm32f4xx_ltdc.o(i.LTDC_LayerInit)
    LTDC_ReloadConfig                        0x080017d5   Thumb Code     6  stm32f4xx_ltdc.o(i.LTDC_ReloadConfig)
    Lock_Off                                 0x080017e1   Thumb Code    10  main.o(i.Lock_Off)
    Lock_On                                  0x080017f1   Thumb Code    10  main.o(i.Lock_On)
    MemManage_Handler                        0x08001801   Thumb Code     2  stm32f4xx_it.o(i.MemManage_Handler)
    NMI_Handler                              0x08001803   Thumb Code     2  stm32f4xx_it.o(i.NMI_Handler)
    NVIC_Init                                0x0800181d   Thumb Code    98  misc.o(i.NVIC_Init)
    NVIC_PriorityGroupConfig                 0x08001885   Thumb Code    10  misc.o(i.NVIC_PriorityGroupConfig)
    NVIC_SetVectorTable                      0x08001899   Thumb Code    12  misc.o(i.NVIC_SetVectorTable)
    OTG_HS_IRQHandler                        0x080018ad   Thumb Code     6  usbh_it.o(i.OTG_HS_IRQHandler)
    PendSV_Handler                           0x080018b9   Thumb Code     2  stm32f4xx_it.o(i.PendSV_Handler)
    PutChar                                  0x080018bb   Thumb Code    86  bsp_lcd.o(i.PutChar)
    RCC_AHB1PeriphClockCmd                   0x08001911   Thumb Code    22  stm32f4xx_rcc.o(i.RCC_AHB1PeriphClockCmd)
    RCC_AHB1PeriphResetCmd                   0x0800192d   Thumb Code    22  stm32f4xx_rcc.o(i.RCC_AHB1PeriphResetCmd)
    RCC_AHB3PeriphClockCmd                   0x08001949   Thumb Code    22  stm32f4xx_rcc.o(i.RCC_AHB3PeriphClockCmd)
    RCC_APB1PeriphClockCmd                   0x08001965   Thumb Code    22  stm32f4xx_rcc.o(i.RCC_APB1PeriphClockCmd)
    RCC_APB1PeriphResetCmd                   0x08001981   Thumb Code    22  stm32f4xx_rcc.o(i.RCC_APB1PeriphResetCmd)
    RCC_APB2PeriphClockCmd                   0x0800199d   Thumb Code    22  stm32f4xx_rcc.o(i.RCC_APB2PeriphClockCmd)
    RCC_APB2PeriphResetCmd                   0x080019b9   Thumb Code    22  stm32f4xx_rcc.o(i.RCC_APB2PeriphResetCmd)
    RCC_DeInit                               0x080019d5   Thumb Code    68  stm32f4xx_rcc.o(i.RCC_DeInit)
    RCC_GetFlagStatus                        0x08001a29   Thumb Code    50  stm32f4xx_rcc.o(i.RCC_GetFlagStatus)
    RCC_LTDCCLKDivConfig                     0x08001a61   Thumb Code    14  stm32f4xx_rcc.o(i.RCC_LTDCCLKDivConfig)
    RCC_PLLSAICmd                            0x08001a75   Thumb Code     6  stm32f4xx_rcc.o(i.RCC_PLLSAICmd)
    RCC_PLLSAIConfig                         0x08001a81   Thumb Code    16  stm32f4xx_rcc.o(i.RCC_PLLSAIConfig)
    RCC_RTCCLKCmd                            0x08001a95   Thumb Code     6  stm32f4xx_rcc.o(i.RCC_RTCCLKCmd)
    RTC_DeInit                               0x08001ab5   Thumb Code   174  stm32f4xx_rtc.o(i.RTC_DeInit)
    RTC_EnterInitMode                        0x08001b6d   Thumb Code    62  stm32f4xx_rtc.o(i.RTC_EnterInitMode)
    RTC_GetDate                              0x08001bb1   Thumb Code    64  stm32f4xx_rtc.o(i.RTC_GetDate)
    RTC_GetTime                              0x08001bf9   Thumb Code    68  stm32f4xx_rtc.o(i.RTC_GetTime)
    RTC_ITConfig                             0x08001c45   Thumb Code    64  stm32f4xx_rtc.o(i.RTC_ITConfig)
    RTC_WaitForSynchro                       0x08001c89   Thumb Code    72  stm32f4xx_rtc.o(i.RTC_WaitForSynchro)
    RTC_WakeUpCmd                            0x08001cd5   Thumb Code    90  stm32f4xx_rtc.o(i.RTC_WakeUpCmd)
    SDRAM_Init                               0x080020b9   Thumb Code    92  bsp_sdram.o(i.SDRAM_Init)
    SVC_Handler                              0x080021e1   Thumb Code     2  stm32f4xx_it.o(i.SVC_Handler)
    SysTick_Handler                          0x080022b9   Thumb Code     2  stm32f4xx_it.o(i.SysTick_Handler)
    SystemInit                               0x080022bd   Thumb Code    72  system_stm32f4xx.o(i.SystemInit)
    TIM2_IRQHandler                          0x08002319   Thumb Code     4  usbh_it.o(i.TIM2_IRQHandler)
    TIM6_Configuration                       0x0800231d   Thumb Code    14  bsp_basic_tim.o(i.TIM6_Configuration)
    TIM6_DAC_IRQHandler                      0x0800232d   Thumb Code    34  stm32f4xx_it.o(i.TIM6_DAC_IRQHandler)
    TIM_ARRPreloadConfig                     0x0800237f   Thumb Code    24  stm32f4xx_tim.o(i.TIM_ARRPreloadConfig)
    TIM_ClearFlag                            0x08002397   Thumb Code     6  stm32f4xx_tim.o(i.TIM_ClearFlag)
    TIM_ClearITPendingBit                    0x0800239d   Thumb Code     6  stm32f4xx_tim.o(i.TIM_ClearITPendingBit)
    TIM_Cmd                                  0x080023a3   Thumb Code    24  stm32f4xx_tim.o(i.TIM_Cmd)
    TIM_DeInit                               0x080023bd   Thumb Code   376  stm32f4xx_tim.o(i.TIM_DeInit)
    TIM_GetITStatus                          0x08002569   Thumb Code    24  stm32f4xx_tim.o(i.TIM_GetITStatus)
    TIM_ITConfig                             0x08002581   Thumb Code    20  stm32f4xx_tim.o(i.TIM_ITConfig)
    TIM_TimeBaseInit                         0x080025d5   Thumb Code    96  stm32f4xx_tim.o(i.TIM_TimeBaseInit)
    USBH_Alloc_Channel                       0x08002651   Thumb Code    36  usbh_hcs.o(i.USBH_Alloc_Channel)
    USBH_BulkReceiveData                     0x08002675   Thumb Code    54  usbh_ioreq.o(i.USBH_BulkReceiveData)
    USBH_BulkSendData                        0x080026ab   Thumb Code    52  usbh_ioreq.o(i.USBH_BulkSendData)
    USBH_ClrFeature                          0x080026df   Thumb Code    46  usbh_stdreq.o(i.USBH_ClrFeature)
    USBH_Connected                           0x0800270d   Thumb Code    10  usbh_core.o(i.USBH_Connected)
    USBH_CtlReceiveData                      0x08002717   Thumb Code    36  usbh_ioreq.o(i.USBH_CtlReceiveData)
    USBH_CtlReq                              0x0800273b   Thumb Code    76  usbh_ioreq.o(i.USBH_CtlReq)
    USBH_CtlSendData                         0x08002787   Thumb Code    60  usbh_ioreq.o(i.USBH_CtlSendData)
    USBH_CtlSendSetup                        0x080027c3   Thumb Code    38  usbh_ioreq.o(i.USBH_CtlSendSetup)
    USBH_DeAllocate_AllChannel               0x080027e9   Thumb Code    24  usbh_hcs.o(i.USBH_DeAllocate_AllChannel)
    USBH_DeInit                              0x08002801   Thumb Code    52  usbh_core.o(i.USBH_DeInit)
    USBH_Disconnected                        0x08002835   Thumb Code    10  usbh_core.o(i.USBH_Disconnected)
    USBH_ErrorHandle                         0x0800283f   Thumb Code    44  usbh_core.o(i.USBH_ErrorHandle)
    USBH_Free_Channel                        0x0800286b   Thumb Code    24  usbh_hcs.o(i.USBH_Free_Channel)
    USBH_GetDescriptor                       0x08002883   Thumb Code    50  usbh_stdreq.o(i.USBH_GetDescriptor)
    USBH_GetNextDesc                         0x080028d3   Thumb Code    14  usbh_stdreq.o(i.USBH_GetNextDesc)
    USBH_Get_CfgDesc                         0x080028e1   Thumb Code    86  usbh_stdreq.o(i.USBH_Get_CfgDesc)
    USBH_Get_DevDesc                         0x0800293d   Thumb Code    50  usbh_stdreq.o(i.USBH_Get_DevDesc)
    USBH_Get_StringDesc                      0x0800296f   Thumb Code    46  usbh_stdreq.o(i.USBH_Get_StringDesc)
    USBH_HandleControl                       0x0800299d   Thumb Code   508  usbh_core.o(i.USBH_HandleControl)
    USBH_Init                                0x08002d65   Thumb Code    64  usbh_core.o(i.USBH_Init)
    USBH_MSC_BOT_Abort                       0x08002dbd   Thumb Code    56  usbh_msc_bot.o(i.USBH_MSC_BOT_Abort)
    USBH_MSC_DecodeCSW                       0x08002e09   Thumb Code    88  usbh_msc_bot.o(i.USBH_MSC_DecodeCSW)
    USBH_MSC_ErrorHandle                     0x08002e6d   Thumb Code    44  usbh_msc_core.o(i.USBH_MSC_ErrorHandle)
    USBH_MSC_HandleBOTXfer                   0x0800301d   Thumb Code   590  usbh_msc_bot.o(i.USBH_MSC_HandleBOTXfer)
    USBH_MSC_Init                            0x08003279   Thumb Code    40  usbh_msc_bot.o(i.USBH_MSC_Init)
    USBH_MSC_ModeSense6                      0x08003391   Thumb Code   142  usbh_msc_scsi.o(i.USBH_MSC_ModeSense6)
    USBH_MSC_Read10                          0x0800342d   Thumb Code   208  usbh_msc_scsi.o(i.USBH_MSC_Read10)
    USBH_MSC_ReadCapacity10                  0x08003509   Thumb Code   148  usbh_msc_scsi.o(i.USBH_MSC_ReadCapacity10)
    USBH_MSC_RequestSense                    0x080035a9   Thumb Code   146  usbh_msc_scsi.o(i.USBH_MSC_RequestSense)
    USBH_MSC_TestUnitReady                   0x08003649   Thumb Code   116  usbh_msc_scsi.o(i.USBH_MSC_TestUnitReady)
    USBH_MSC_Write10                         0x080036c9   Thumb Code   156  usbh_msc_scsi.o(i.USBH_MSC_Write10)
    USBH_Modify_Channel                      0x0800376d   Thumb Code    52  usbh_hcs.o(i.USBH_Modify_Channel)
    USBH_OTG_ISR_Handler                     0x080037a1   Thumb Code   168  usb_hcd_int.o(i.USBH_OTG_ISR_Handler)
    USBH_Open_Channel                        0x08003849   Thumb Code    80  usbh_hcs.o(i.USBH_Open_Channel)
    USBH_Process                             0x08003a69   Thumb Code   402  usbh_core.o(i.USBH_Process)
    USBH_SOF                                 0x08003bfb   Thumb Code     4  usbh_core.o(i.USBH_SOF)
    USBH_SetAddress                          0x08003bff   Thumb Code    24  usbh_stdreq.o(i.USBH_SetAddress)
    USBH_SetCfg                              0x08003c17   Thumb Code    24  usbh_stdreq.o(i.USBH_SetCfg)
    USBH_USR_Configuration_DescAvailable     0x08003c43   Thumb Code     4  usbh_usr.o(i.USBH_USR_Configuration_DescAvailable)
    USBH_USR_DeInit                          0x08003c47   Thumb Code     2  usbh_usr.o(i.USBH_USR_DeInit)
    USBH_USR_DeviceAddressAssigned           0x08003c49   Thumb Code     2  usbh_usr.o(i.USBH_USR_DeviceAddressAssigned)
    USBH_USR_DeviceAttached                  0x08003c4d   Thumb Code    12  usbh_usr.o(i.USBH_USR_DeviceAttached)
    USBH_USR_DeviceDisconnected              0x08003c61   Thumb Code    14  usbh_usr.o(i.USBH_USR_DeviceDisconnected)
    USBH_USR_DeviceNotSupported              0x08003c79   Thumb Code     2  usbh_usr.o(i.USBH_USR_DeviceNotSupported)
    USBH_USR_DeviceSpeedDetected             0x08003c7b   Thumb Code     2  usbh_usr.o(i.USBH_USR_DeviceSpeedDetected)
    USBH_USR_Device_DescAvailable            0x08003c7d   Thumb Code     2  usbh_usr.o(i.USBH_USR_Device_DescAvailable)
    USBH_USR_EnumerationDone                 0x08003c7f   Thumb Code     2  usbh_usr.o(i.USBH_USR_EnumerationDone)
    USBH_USR_Init                            0x08003c81   Thumb Code    14  usbh_usr.o(i.USBH_USR_Init)
    USBH_USR_MSC_Application                 0x08003c95   Thumb Code     4  usbh_usr.o(i.USBH_USR_MSC_Application)
    USBH_USR_Manufacturer_String             0x08003c99   Thumb Code     2  usbh_usr.o(i.USBH_USR_Manufacturer_String)
    USBH_USR_OverCurrentDetected             0x08003c9b   Thumb Code     2  usbh_usr.o(i.USBH_USR_OverCurrentDetected)
    USBH_USR_Product_String                  0x08003c9d   Thumb Code     2  usbh_usr.o(i.USBH_USR_Product_String)
    USBH_USR_ResetDevice                     0x08003c9f   Thumb Code     2  usbh_usr.o(i.USBH_USR_ResetDevice)
    USBH_USR_SerialNum_String                0x08003ca1   Thumb Code     2  usbh_usr.o(i.USBH_USR_SerialNum_String)
    USBH_USR_UnrecoveredError                0x08003ca3   Thumb Code     2  usbh_usr.o(i.USBH_USR_UnrecoveredError)
    USBH_USR_UserInput                       0x08003ca5   Thumb Code     4  usbh_usr.o(i.USBH_USR_UserInput)
    USB_OTG_BSP_ConfigVBUS                   0x08003ca9   Thumb Code    10  usb_bsp.o(i.USB_OTG_BSP_ConfigVBUS)
    USB_OTG_BSP_DriveVBUS                    0x08003cb9   Thumb Code     2  usb_bsp.o(i.USB_OTG_BSP_DriveVBUS)
    USB_OTG_BSP_EnableInterrupt              0x08003cbb   Thumb Code    40  usb_bsp.o(i.USB_OTG_BSP_EnableInterrupt)
    USB_OTG_BSP_Init                         0x08003ce5   Thumb Code    72  usb_bsp.o(i.USB_OTG_BSP_Init)
    USB_OTG_BSP_TimerIRQ                     0x08003d69   Thumb Code    50  usb_bsp.o(i.USB_OTG_BSP_TimerIRQ)
    USB_OTG_BSP_mDelay                       0x08003da1   Thumb Code     6  usb_bsp.o(i.USB_OTG_BSP_mDelay)
    USB_OTG_BSP_uDelay                       0x08003da7   Thumb Code     6  usb_bsp.o(i.USB_OTG_BSP_uDelay)
    USB_OTG_CoreInit                         0x08003dad   Thumb Code   168  usb_core.o(i.USB_OTG_CoreInit)
    USB_OTG_CoreInitHost                     0x08003e55   Thumb Code   180  usb_core.o(i.USB_OTG_CoreInitHost)
    USB_OTG_DisableGlobalInt                 0x08003f65   Thumb Code    16  usb_core.o(i.USB_OTG_DisableGlobalInt)
    USB_OTG_DriveVbus                        0x08003f75   Thumb Code    72  usb_core.o(i.USB_OTG_DriveVbus)
    USB_OTG_EnableGlobalInt                  0x08003fd9   Thumb Code    16  usb_core.o(i.USB_OTG_EnableGlobalInt)
    USB_OTG_EnableHostInt                    0x08003fe9   Thumb Code    70  usb_core.o(i.USB_OTG_EnableHostInt)
    USB_OTG_FlushRxFifo                      0x08004031   Thumb Code    54  usb_core.o(i.USB_OTG_FlushRxFifo)
    USB_OTG_FlushTxFifo                      0x0800406d   Thumb Code    62  usb_core.o(i.USB_OTG_FlushTxFifo)
    USB_OTG_GetMode                          0x080040b1   Thumb Code    10  usb_core.o(i.USB_OTG_GetMode)
    USB_OTG_HC_DoPing                        0x080040bb   Thumb Code    42  usb_core.o(i.USB_OTG_HC_DoPing)
    USB_OTG_HC_Halt                          0x080040e5   Thumb Code   100  usb_core.o(i.USB_OTG_HC_Halt)
    USB_OTG_HC_Init                          0x08004149   Thumb Code   316  usb_core.o(i.USB_OTG_HC_Init)
    USB_OTG_HC_StartXfer                     0x08004285   Thumb Code   288  usb_core.o(i.USB_OTG_HC_StartXfer)
    USB_OTG_InitFSLSPClkSel                  0x080043a5   Thumb Code    12  usb_core.o(i.USB_OTG_InitFSLSPClkSel)
    USB_OTG_IsEvenFrame                      0x080043b1   Thumb Code    12  usb_core.o(i.USB_OTG_IsEvenFrame)
    USB_OTG_IsHostMode                       0x080043bd   Thumb Code    14  usb_core.o(i.USB_OTG_IsHostMode)
    USB_OTG_ReadCoreItr                      0x080043cb   Thumb Code    10  usb_core.o(i.USB_OTG_ReadCoreItr)
    USB_OTG_ReadHPRT0                        0x080043d5   Thumb Code    24  usb_core.o(i.USB_OTG_ReadHPRT0)
    USB_OTG_ReadHostAllChannels_intr         0x080043ed   Thumb Code     6  usb_core.o(i.USB_OTG_ReadHostAllChannels_intr)
    USB_OTG_ReadPacket                       0x080043f3   Thumb Code    32  usb_core.o(i.USB_OTG_ReadPacket)
    USB_OTG_ResetPort                        0x08004413   Thumb Code    44  usb_core.o(i.USB_OTG_ResetPort)
    USB_OTG_SelectCore                       0x08004441   Thumb Code   192  usb_core.o(i.USB_OTG_SelectCore)
    USB_OTG_SetCurrentMode                   0x08004505   Thumb Code    54  usb_core.o(i.USB_OTG_SetCurrentMode)
    USB_OTG_WritePacket                      0x0800530d   Thumb Code    40  usb_core.o(i.USB_OTG_WritePacket)
    UsageFault_Handler                       0x08005335   Thumb Code     2  stm32f4xx_it.o(i.UsageFault_Handler)
    WriteOneHzChar_16                        0x08005337   Thumb Code    18  bsp_lcd.o(i.WriteOneHzChar_16)
    WriteString_16                           0x08005349   Thumb Code   156  bsp_lcd.o(i.WriteString_16)
    __scatterload_copy                       0x080053e9   Thumb Code    14  handlers.o(i.__scatterload_copy)
    __scatterload_null                       0x080053f7   Thumb Code     2  handlers.o(i.__scatterload_null)
    __scatterload_zeroinit                   0x080053f9   Thumb Code    14  handlers.o(i.__scatterload_zeroinit)
    clust2sect                               0x08005495   Thumb Code    24  ff.o(i.clust2sect)
    delay                                    0x08005805   Thumb Code    10  pbdata.o(i.delay)
    disk_initialize                          0x08005bd1   Thumb Code    18  diskio.o(i.disk_initialize)
    disk_ioctl                               0x08005be9   Thumb Code    50  diskio.o(i.disk_ioctl)
    disk_read                                0x08005c21   Thumb Code    88  diskio.o(i.disk_read)
    disk_status                              0x08005c81   Thumb Code     4  diskio.o(i.disk_status)
    disk_write                               0x08005c85   Thumb Code    68  diskio.o(i.disk_write)
    f_mount                                  0x08005cd1   Thumb Code    72  ff.o(i.f_mount)
    f_open                                   0x08005d1d   Thumb Code   344  ff.o(i.f_open)
    f_read                                   0x08005e75   Thumb Code   380  ff.o(i.f_read)
    ff_convert                               0x08005ff1   Thumb Code    78  cc936.o(i.ff_convert)
    ff_wtoupper                              0x08006049   Thumb Code    34  cc936.o(i.ff_wtoupper)
    findHzIndex_16                           0x08006075   Thumb Code    46  bsp_lcd.o(i.findHzIndex_16)
    get_fat                                  0x08006561   Thumb Code   256  ff.o(i.get_fat)
    get_fattime                              0x08006661   Thumb Code    68  diskio.o(i.get_fattime)
    keydelay                                 0x080066e7   Thumb Code    10  main.o(i.keydelay)
    main                                     0x08006711   Thumb Code   284  main.o(i.main)
    mbedtls_aes_crypt_ecb                    0x0800685d   Thumb Code    24  aes.o(i.mbedtls_aes_crypt_ecb)
    mbedtls_aes_free                         0x08006875   Thumb Code    14  aes.o(i.mbedtls_aes_free)
    mbedtls_aes_init                         0x08006883   Thumb Code     8  aes.o(i.mbedtls_aes_init)
    mbedtls_aes_setkey_dec                   0x0800688d   Thumb Code   200  aes.o(i.mbedtls_aes_setkey_dec)
    mbedtls_aes_setkey_enc                   0x08006959   Thumb Code   410  aes.o(i.mbedtls_aes_setkey_enc)
    mbedtls_internal_aes_decrypt             0x08006af9   Thumb Code   978  aes.o(i.mbedtls_internal_aes_decrypt)
    mbedtls_internal_aes_encrypt             0x08006ed5   Thumb Code   978  aes.o(i.mbedtls_internal_aes_encrypt)
    mbedtls_platform_zeroize                 0x080072b1   Thumb Code    10  platform_util.o(i.mbedtls_platform_zeroize)
    put_fat                                  0x08007331   Thumb Code   300  ff.o(i.put_fat)
    ALERT                                    0x0800756c   Data         104  main.o(.constdata)
    key                                      0x080075d4   Data          16  main.o(.constdata)
    GB_16                                    0x080075e4   Data        6494  bsp_lcd.o(.constdata)
    ASCII16x24_Table                         0x08008f42   Data        4560  fonts.o(.constdata)
    Region$$Table$$Base                      0x0803762c   Number         0  anon$$obj.o(Region$$Table)
    Region$$Table$$Limit                     0x0803764c   Number         0  anon$$obj.o(Region$$Table)
    Jumpflag                                 0x20000000   Data           1  main.o(.data)
    result                                   0x20000002   Data           1  main.o(.data)
    Colour                                   0x20000024   Data           8  bsp_lcd.o(.data)
    Font16x24                                0x2000002c   Data           8  fonts.o(.data)
    USB_Openflag                             0x20000034   Data           1  pbdata.o(.data)
    Disp_usbflag                             0x20000035   Data           1  pbdata.o(.data)
    g_LcdDirection                           0x20000038   Data           4  pbdata.o(.data)
    BSP_delay                                0x2000003c   Data           4  usb_bsp.o(.data)
    USR_cb                                   0x20000040   Data          72  usbh_usr.o(.data)
    USBH_HCD_INT_cb                          0x2000008c   Data          12  usbh_core.o(.data)
    USBH_HCD_INT_fops                        0x20000098   Data           4  usbh_core.o(.data)
    MSCErrorCount                            0x200000b8   Data           1  usbh_msc_core.o(.data)
    USBH_MSC_cb                              0x200000bc   Data          16  usbh_msc_core.o(.data)
    KekValue                                 0x200000d3   Data           1  keyboard.o(.data)
    Keyboard                                 0x200000d4   Data           3  keyboard.o(.data)
    fs                                       0x200000ec   Data        4144  main.o(.bss)
    file                                     0x2000111c   Data        4132  main.o(.bss)
    aes                                      0x20002140   Data         280  main.o(.bss)
    USB_OTG_Core                             0x20003258   Data        1452  usbh_usr.o(.bss)
    USB_Host                                 0x20003804   Data         132  usbh_usr.o(.bss)
    USBH_CfgDesc                             0x20003888   Data         512  usbh_stdreq.o(.bss)
    USBH_MSC_CBWData                         0x20003a88   Data          32  usbh_msc_bot.o(.bss)
    USBH_MSC_CSWData                         0x20003aa8   Data          16  usbh_msc_bot.o(.bss)
    USBH_MSC_BOTXferParam                    0x20003ab8   Data          16  usbh_msc_bot.o(.bss)
    MSC_Machine                              0x20003ac8   Data         522  usbh_msc_core.o(.bss)
    USBH_MSC_Param                           0x20003cd4   Data          16  usbh_msc_scsi.o(.bss)
    USBH_DataInBuffer                        0x20003ce4   Data         512  usbh_msc_scsi.o(.bss)
    __initial_sp                             0x200042f0   Data           0  startup_stm32f429_439xx.o(STACK)



==============================================================================

Memory Map of the image

  Image Entry point : 0x080001ad

  Load Region LR_IROM1 (Base: 0x08000000, Size: 0x00037728, Max: 0x00040000, ABSOLUTE)

    Execution Region ER_IROM1 (Exec base: 0x08000000, Load base: 0x08000000, Size: 0x0003764c, Max: 0x00040000, ABSOLUTE)

    Exec Addr    Load Addr    Size         Type   Attr      Idx    E Section Name        Object

    0x08000000   0x08000000   0x000001ac   Data   RO            3    RESET               startup_stm32f429_439xx.o
    0x080001ac   0x080001ac   0x00000000   Code   RO         8549  * .ARM.Collect$$$$00000000  mc_w.l(entry.o)
    0x080001ac   0x080001ac   0x00000004   Code   RO         8821    .ARM.Collect$$$$00000001  mc_w.l(entry2.o)
    0x080001b0   0x080001b0   0x00000004   Code   RO         8824    .ARM.Collect$$$$00000004  mc_w.l(entry5.o)
    0x080001b4   0x080001b4   0x00000000   Code   RO         8826    .ARM.Collect$$$$00000008  mc_w.l(entry7b.o)
    0x080001b4   0x080001b4   0x00000000   Code   RO         8828    .ARM.Collect$$$$0000000A  mc_w.l(entry8b.o)
    0x080001b4   0x080001b4   0x00000008   Code   RO         8829    .ARM.Collect$$$$0000000B  mc_w.l(entry9a.o)
    0x080001bc   0x080001bc   0x00000000   Code   RO         8831    .ARM.Collect$$$$0000000D  mc_w.l(entry10a.o)
    0x080001bc   0x080001bc   0x00000000   Code   RO         8833    .ARM.Collect$$$$0000000F  mc_w.l(entry11a.o)
    0x080001bc   0x080001bc   0x00000004   Code   RO         8822    .ARM.Collect$$$$00002712  mc_w.l(entry2.o)
    0x080001c0   0x080001c0   0x00000024   Code   RO            4    .text               startup_stm32f429_439xx.o
    0x080001e4   0x080001e4   0x00000024   Code   RO         8552    .text               mc_w.l(memcpya.o)
    0x08000208   0x08000208   0x00000024   Code   RO         8556    .text               mc_w.l(memseta.o)
    0x0800022c   0x0800022c   0x00000024   Code   RO         8851    .text               mc_w.l(init.o)
    0x08000250   0x08000250   0x00000024   Code   RO         6252    i.BSP_Delay         usb_bsp.o
    0x08000274   0x08000274   0x0000006c   Code   RO         6253    i.BSP_SetTime       usb_bsp.o
    0x080002e0   0x080002e0   0x00000010   Code   RO         5161    i.Beep_Off          main.o
    0x080002f0   0x080002f0   0x00000010   Code   RO         5162    i.Beep_On           main.o
    0x08000300   0x08000300   0x00000002   Code   RO         5401    i.BusFault_Handler  stm32f4xx_it.o
    0x08000302   0x08000302   0x00000018   Code   RO         1358    i.DMA2D_DeInit      stm32f4xx_dma2d.o
    0x0800031a   0x0800031a   0x00000002   PAD
    0x0800031c   0x0800031c   0x00000014   Code   RO         1363    i.DMA2D_GetFlagStatus  stm32f4xx_dma2d.o
    0x08000330   0x08000330   0x000000b8   Code   RO         1366    i.DMA2D_Init        stm32f4xx_dma2d.o
    0x080003e8   0x080003e8   0x00000010   Code   RO         1368    i.DMA2D_StartTransfer  stm32f4xx_dma2d.o
    0x080003f8   0x080003f8   0x00000002   Code   RO         5402    i.DebugMon_Handler  stm32f4xx_it.o
    0x080003fa   0x080003fa   0x00000012   Code   RO         5163    i.Delay             main.o
    0x0800040c   0x0800040c   0x00000024   Code   RO         1486    i.EXTI_DeInit       stm32f4xx_exti.o
    0x08000430   0x08000430   0x0000000c   Code   RO         1550    i.FLASH_ClearFlag   stm32f4xx_flash.o
    0x0800043c   0x0800043c   0x00000070   Code   RO         1556    i.FLASH_EraseSector  stm32f4xx_flash.o
    0x080004ac   0x080004ac   0x0000003c   Code   RO         1558    i.FLASH_GetStatus   stm32f4xx_flash.o
    0x080004e8   0x080004e8   0x00000044   Code   RO         6526    i.FLASH_If_Erase    flash_if.o
    0x0800052c   0x0800052c   0x00000050   Code   RO         6528    i.FLASH_If_Write    flash_if.o
    0x0800057c   0x0800057c   0x0000003c   Code   RO         1586    i.FLASH_ProgramWord  stm32f4xx_flash.o
    0x080005b8   0x080005b8   0x00000024   Code   RO         1588    i.FLASH_Unlock      stm32f4xx_flash.o
    0x080005dc   0x080005dc   0x00000022   Code   RO         1589    i.FLASH_WaitForLastOperation  stm32f4xx_flash.o
    0x080005fe   0x080005fe   0x00000036   Code   RO         1844    i.FMC_GetFlagStatus  stm32f4xx_fmc.o
    0x08000634   0x08000634   0x00000020   Code   RO         1861    i.FMC_SDRAMCmdConfig  stm32f4xx_fmc.o
    0x08000654   0x08000654   0x00000106   Code   RO         1863    i.FMC_SDRAMInit     stm32f4xx_fmc.o
    0x0800075a   0x0800075a   0x00000002   PAD
    0x0800075c   0x0800075c   0x00000010   Code   RO         1867    i.FMC_SetRefreshCount  stm32f4xx_fmc.o
    0x0800076c   0x0800076c   0x00000184   Code   RO         5164    i.File_IAP          main.o
    0x080008f0   0x080008f0   0x00000050   Code   RO         5165    i.GPIO_Configuration  main.o
    0x08000940   0x08000940   0x0000007c   Code   RO         2046    i.GPIO_Init         stm32f4xx_gpio.o
    0x080009bc   0x080009bc   0x00000020   Code   RO         2047    i.GPIO_PinAFConfig  stm32f4xx_gpio.o
    0x080009dc   0x080009dc   0x0000000e   Code   RO         2050    i.GPIO_ReadInputDataBit  stm32f4xx_gpio.o
    0x080009ea   0x080009ea   0x00000004   Code   RO         2053    i.GPIO_ResetBits    stm32f4xx_gpio.o
    0x080009ee   0x080009ee   0x00000004   Code   RO         2054    i.GPIO_SetBits      stm32f4xx_gpio.o
    0x080009f2   0x080009f2   0x00000002   PAD
    0x080009f4   0x080009f4   0x00000014   Code   RO         5946    i.GetASCIICode      fonts.o
    0x08000a08   0x08000a08   0x00000008   Code   RO         6767    i.HCD_GetCurrentFrame  usb_hcd.o
    0x08000a10   0x08000a10   0x0000000c   Code   RO         6768    i.HCD_GetCurrentSpeed  usb_hcd.o
    0x08000a1c   0x08000a1c   0x00000008   Code   RO         6770    i.HCD_GetURB_State  usb_hcd.o
    0x08000a24   0x08000a24   0x0000000a   Code   RO         6771    i.HCD_GetXferCnt    usb_hcd.o
    0x08000a2e   0x08000a2e   0x00000056   Code   RO         6773    i.HCD_Init          usb_hcd.o
    0x08000a84   0x08000a84   0x00000006   Code   RO         6774    i.HCD_IsDeviceConnected  usb_hcd.o
    0x08000a8a   0x08000a8a   0x0000000a   Code   RO         6775    i.HCD_ResetPort     usb_hcd.o
    0x08000a94   0x08000a94   0x00000014   Code   RO         6776    i.HCD_SubmitRequest  usb_hcd.o
    0x08000aa8   0x08000aa8   0x00000002   Code   RO         5403    i.HardFault_Handler  stm32f4xx_it.o
    0x08000aaa   0x08000aaa   0x0000000c   Code   RO         6529    i.IAP_Flash_Write   flash_if.o
    0x08000ab6   0x08000ab6   0x00000016   Code   RO         6530    i.IAP_Start         flash_if.o
    0x08000acc   0x08000acc   0x000000b8   Code   RO         5167    i.JumpBoot          main.o
    0x08000b84   0x08000b84   0x000002a8   Code   RO         7881    i.Key_Identiry      keyboard.o
    0x08000e2c   0x08000e2c   0x00000020   Code   RO         7882    i.Key_Read          keyboard.o
    0x08000e4c   0x08000e4c   0x00000074   Code   RO         7884    i.Key_Scan          keyboard.o
    0x08000ec0   0x08000ec0   0x00000018   Code   RO         5168    i.Key_beep          main.o
    0x08000ed8   0x08000ed8   0x00000108   Code   RO         7885    i.Keyboard_Init     keyboard.o
    0x08000fe0   0x08000fe0   0x00000084   Code   RO         5571    i.LCD429_PutPixel   bsp_lcd.o
    0x08001064   0x08001064   0x00000058   Code   RO         5572    i.LCD_Clear         bsp_lcd.o
    0x080010bc   0x080010bc   0x00000300   Code   RO         5596    i.LCD_GPIO_Config   bsp_lcd.o
    0x080013bc   0x080013bc   0x00000084   Code   RO         5599    i.LCD_Init          bsp_lcd.o
    0x08001440   0x08001440   0x0000007c   Code   RO         5600    i.LCD_LayerInit     bsp_lcd.o
    0x080014bc   0x080014bc   0x0000000c   Code   RO         5610    i.LCD_SetFont       bsp_lcd.o
    0x080014c8   0x080014c8   0x00000024   Code   RO         5611    i.LCD_SetLayer      bsp_lcd.o
    0x080014ec   0x080014ec   0x00000030   Code   RO         5613    i.LCD_SetTransparency  bsp_lcd.o
    0x0800151c   0x0800151c   0x000000e0   Code   RO         5614    i.LCD_ShowFontCN_16  bsp_lcd.o
    0x080015fc   0x080015fc   0x0000005c   Code   RO         5488    i.LED_GPIO_Config   bsp_led.o
    0x08001658   0x08001658   0x00000020   Code   RO         2620    i.LTDC_Cmd          stm32f4xx_ltdc.o
    0x08001678   0x08001678   0x000000a8   Code   RO         2631    i.LTDC_Init         stm32f4xx_ltdc.o
    0x08001720   0x08001720   0x00000004   Code   RO         2634    i.LTDC_LayerAlpha   stm32f4xx_ltdc.o
    0x08001724   0x08001724   0x00000018   Code   RO         2635    i.LTDC_LayerCmd     stm32f4xx_ltdc.o
    0x0800173c   0x0800173c   0x00000096   Code   RO         2636    i.LTDC_LayerInit    stm32f4xx_ltdc.o
    0x080017d2   0x080017d2   0x00000002   PAD
    0x080017d4   0x080017d4   0x0000000c   Code   RO         2643    i.LTDC_ReloadConfig  stm32f4xx_ltdc.o
    0x080017e0   0x080017e0   0x00000010   Code   RO         5170    i.Lock_Off          main.o
    0x080017f0   0x080017f0   0x00000010   Code   RO         5171    i.Lock_On           main.o
    0x08001800   0x08001800   0x00000002   Code   RO         5404    i.MemManage_Handler  stm32f4xx_it.o
    0x08001802   0x08001802   0x00000002   Code   RO         5405    i.NMI_Handler       stm32f4xx_it.o
    0x08001804   0x08001804   0x00000016   Code   RO         5172    i.NVIC_DisableIRQ   main.o
    0x0800181a   0x0800181a   0x00000002   PAD
    0x0800181c   0x0800181c   0x00000068   Code   RO          164    i.NVIC_Init         misc.o
    0x08001884   0x08001884   0x00000014   Code   RO          165    i.NVIC_PriorityGroupConfig  misc.o
    0x08001898   0x08001898   0x00000014   Code   RO          166    i.NVIC_SetVectorTable  misc.o
    0x080018ac   0x080018ac   0x0000000c   Code   RO         6489    i.OTG_HS_IRQHandler  usbh_it.o
    0x080018b8   0x080018b8   0x00000002   Code   RO         5406    i.PendSV_Handler    stm32f4xx_it.o
    0x080018ba   0x080018ba   0x00000056   Code   RO         5620    i.PutChar           bsp_lcd.o
    0x08001910   0x08001910   0x0000001c   Code   RO         2960    i.RCC_AHB1PeriphClockCmd  stm32f4xx_rcc.o
    0x0800192c   0x0800192c   0x0000001c   Code   RO         2962    i.RCC_AHB1PeriphResetCmd  stm32f4xx_rcc.o
    0x08001948   0x08001948   0x0000001c   Code   RO         2966    i.RCC_AHB3PeriphClockCmd  stm32f4xx_rcc.o
    0x08001964   0x08001964   0x0000001c   Code   RO         2969    i.RCC_APB1PeriphClockCmd  stm32f4xx_rcc.o
    0x08001980   0x08001980   0x0000001c   Code   RO         2971    i.RCC_APB1PeriphResetCmd  stm32f4xx_rcc.o
    0x0800199c   0x0800199c   0x0000001c   Code   RO         2972    i.RCC_APB2PeriphClockCmd  stm32f4xx_rcc.o
    0x080019b8   0x080019b8   0x0000001c   Code   RO         2974    i.RCC_APB2PeriphResetCmd  stm32f4xx_rcc.o
    0x080019d4   0x080019d4   0x00000054   Code   RO         2980    i.RCC_DeInit        stm32f4xx_rcc.o
    0x08001a28   0x08001a28   0x00000038   Code   RO         2982    i.RCC_GetFlagStatus  stm32f4xx_rcc.o
    0x08001a60   0x08001a60   0x00000014   Code   RO         2993    i.RCC_LTDCCLKDivConfig  stm32f4xx_rcc.o
    0x08001a74   0x08001a74   0x0000000c   Code   RO         3002    i.RCC_PLLSAICmd     stm32f4xx_rcc.o
    0x08001a80   0x08001a80   0x00000014   Code   RO         3003    i.RCC_PLLSAIConfig  stm32f4xx_rcc.o
    0x08001a94   0x08001a94   0x0000000c   Code   RO         3004    i.RCC_RTCCLKCmd     stm32f4xx_rcc.o
    0x08001aa0   0x08001aa0   0x00000012   Code   RO         3367    i.RTC_Bcd2ToByte    stm32f4xx_rtc.o
    0x08001ab2   0x08001ab2   0x00000002   PAD
    0x08001ab4   0x08001ab4   0x000000b8   Code   RO         3378    i.RTC_DeInit        stm32f4xx_rtc.o
    0x08001b6c   0x08001b6c   0x00000044   Code   RO         3379    i.RTC_EnterInitMode  stm32f4xx_rtc.o
    0x08001bb0   0x08001bb0   0x00000048   Code   RO         3383    i.RTC_GetDate       stm32f4xx_rtc.o
    0x08001bf8   0x08001bf8   0x0000004c   Code   RO         3388    i.RTC_GetTime       stm32f4xx_rtc.o
    0x08001c44   0x08001c44   0x00000044   Code   RO         3392    i.RTC_ITConfig      stm32f4xx_rtc.o
    0x08001c88   0x08001c88   0x0000004c   Code   RO         3416    i.RTC_WaitForSynchro  stm32f4xx_rtc.o
    0x08001cd4   0x08001cd4   0x00000060   Code   RO         3418    i.RTC_WakeUpCmd     stm32f4xx_rtc.o
    0x08001d34   0x08001d34   0x00000384   Code   RO         5512    i.SDRAM_GPIO_Config  bsp_sdram.o
    0x080020b8   0x080020b8   0x0000005c   Code   RO         5513    i.SDRAM_Init        bsp_sdram.o
    0x08002114   0x08002114   0x000000ac   Code   RO         5514    i.SDRAM_InitSequence  bsp_sdram.o
    0x080021c0   0x080021c0   0x00000020   Code   RO         5518    i.SDRAM_delay       bsp_sdram.o
    0x080021e0   0x080021e0   0x00000002   Code   RO         5407    i.SVC_Handler       stm32f4xx_it.o
    0x080021e2   0x080021e2   0x00000002   PAD
    0x080021e4   0x080021e4   0x000000d4   Code   RO           13    i.SetSysClock       system_stm32f4xx.o
    0x080022b8   0x080022b8   0x00000002   Code   RO         5408    i.SysTick_Handler   stm32f4xx_it.o
    0x080022ba   0x080022ba   0x00000002   PAD
    0x080022bc   0x080022bc   0x0000005c   Code   RO           15    i.SystemInit        system_stm32f4xx.o
    0x08002318   0x08002318   0x00000004   Code   RO         6490    i.TIM2_IRQHandler   usbh_it.o
    0x0800231c   0x0800231c   0x0000000e   Code   RO         7841    i.TIM6_Configuration  bsp_basic_tim.o
    0x0800232a   0x0800232a   0x00000002   PAD
    0x0800232c   0x0800232c   0x00000028   Code   RO         5409    i.TIM6_DAC_IRQHandler  stm32f4xx_it.o
    0x08002354   0x08002354   0x0000002a   Code   RO         7842    i.TIM6_NVIC_Configuration  bsp_basic_tim.o
    0x0800237e   0x0800237e   0x00000018   Code   RO         4341    i.TIM_ARRPreloadConfig  stm32f4xx_tim.o
    0x08002396   0x08002396   0x00000006   Code   RO         4347    i.TIM_ClearFlag     stm32f4xx_tim.o
    0x0800239c   0x0800239c   0x00000006   Code   RO         4348    i.TIM_ClearITPendingBit  stm32f4xx_tim.o
    0x080023a2   0x080023a2   0x00000018   Code   RO         4353    i.TIM_Cmd           stm32f4xx_tim.o
    0x080023ba   0x080023ba   0x00000002   PAD
    0x080023bc   0x080023bc   0x000001ac   Code   RO         4358    i.TIM_DeInit        stm32f4xx_tim.o
    0x08002568   0x08002568   0x00000018   Code   RO         4374    i.TIM_GetITStatus   stm32f4xx_tim.o
    0x08002580   0x08002580   0x00000014   Code   RO         4378    i.TIM_ITConfig      stm32f4xx_tim.o
    0x08002594   0x08002594   0x00000040   Code   RO         7843    i.TIM_Mode_Config   bsp_basic_tim.o
    0x080025d4   0x080025d4   0x0000007c   Code   RO         4425    i.TIM_TimeBaseInit  stm32f4xx_tim.o
    0x08002650   0x08002650   0x00000024   Code   RO         6998    i.USBH_Alloc_Channel  usbh_hcs.o
    0x08002674   0x08002674   0x00000036   Code   RO         7051    i.USBH_BulkReceiveData  usbh_ioreq.o
    0x080026aa   0x080026aa   0x00000034   Code   RO         7052    i.USBH_BulkSendData  usbh_ioreq.o
    0x080026de   0x080026de   0x0000002e   Code   RO         7134    i.USBH_ClrFeature   usbh_stdreq.o
    0x0800270c   0x0800270c   0x0000000a   Code   RO         6919    i.USBH_Connected    usbh_core.o
    0x08002716   0x08002716   0x00000024   Code   RO         7053    i.USBH_CtlReceiveData  usbh_ioreq.o
    0x0800273a   0x0800273a   0x0000004c   Code   RO         7054    i.USBH_CtlReq       usbh_ioreq.o
    0x08002786   0x08002786   0x0000003c   Code   RO         7055    i.USBH_CtlSendData  usbh_ioreq.o
    0x080027c2   0x080027c2   0x00000026   Code   RO         7056    i.USBH_CtlSendSetup  usbh_ioreq.o
    0x080027e8   0x080027e8   0x00000018   Code   RO         6999    i.USBH_DeAllocate_AllChannel  usbh_hcs.o
    0x08002800   0x08002800   0x00000034   Code   RO         6920    i.USBH_DeInit       usbh_core.o
    0x08002834   0x08002834   0x0000000a   Code   RO         6921    i.USBH_Disconnected  usbh_core.o
    0x0800283e   0x0800283e   0x0000002c   Code   RO         6922    i.USBH_ErrorHandle  usbh_core.o
    0x0800286a   0x0800286a   0x00000018   Code   RO         7000    i.USBH_Free_Channel  usbh_hcs.o
    0x08002882   0x08002882   0x00000032   Code   RO         7135    i.USBH_GetDescriptor  usbh_stdreq.o
    0x080028b4   0x080028b4   0x0000001e   Code   RO         7001    i.USBH_GetFreeChannel  usbh_hcs.o
    0x080028d2   0x080028d2   0x0000000e   Code   RO         7136    i.USBH_GetNextDesc  usbh_stdreq.o
    0x080028e0   0x080028e0   0x0000005c   Code   RO         7137    i.USBH_Get_CfgDesc  usbh_stdreq.o
    0x0800293c   0x0800293c   0x00000032   Code   RO         7138    i.USBH_Get_DevDesc  usbh_stdreq.o
    0x0800296e   0x0800296e   0x0000002e   Code   RO         7139    i.USBH_Get_StringDesc  usbh_stdreq.o
    0x0800299c   0x0800299c   0x00000200   Code   RO         6923    i.USBH_HandleControl  usbh_core.o
    0x08002b9c   0x08002b9c   0x000001c8   Code   RO         6924    i.USBH_HandleEnum   usbh_core.o
    0x08002d64   0x08002d64   0x00000040   Code   RO         6925    i.USBH_Init         usbh_core.o
    0x08002da4   0x08002da4   0x00000018   Code   RO         7287    i.USBH_MSC_BOTReset  usbh_msc_core.o
    0x08002dbc   0x08002dbc   0x00000040   Code   RO         7238    i.USBH_MSC_BOT_Abort  usbh_msc_bot.o
    0x08002dfc   0x08002dfc   0x0000000c   Code   RO         7288    i.USBH_MSC_ClassRequest  usbh_msc_core.o
    0x08002e08   0x08002e08   0x00000064   Code   RO         7239    i.USBH_MSC_DecodeCSW  usbh_msc_bot.o
    0x08002e6c   0x08002e6c   0x00000034   Code   RO         7289    i.USBH_MSC_ErrorHandle  usbh_msc_core.o
    0x08002ea0   0x08002ea0   0x00000020   Code   RO         7290    i.USBH_MSC_GETMaxLUN  usbh_msc_core.o
    0x08002ec0   0x08002ec0   0x0000015c   Code   RO         7291    i.USBH_MSC_Handle   usbh_msc_core.o
    0x0800301c   0x0800301c   0x0000025c   Code   RO         7240    i.USBH_MSC_HandleBOTXfer  usbh_msc_bot.o
    0x08003278   0x08003278   0x0000003c   Code   RO         7241    i.USBH_MSC_Init     usbh_msc_bot.o
    0x080032b4   0x080032b4   0x0000003c   Code   RO         7292    i.USBH_MSC_InterfaceDeInit  usbh_msc_core.o
    0x080032f0   0x080032f0   0x000000a0   Code   RO         7293    i.USBH_MSC_InterfaceInit  usbh_msc_core.o
    0x08003390   0x08003390   0x0000009c   Code   RO         7350    i.USBH_MSC_ModeSense6  usbh_msc_scsi.o
    0x0800342c   0x0800342c   0x000000dc   Code   RO         7351    i.USBH_MSC_Read10   usbh_msc_scsi.o
    0x08003508   0x08003508   0x000000a0   Code   RO         7352    i.USBH_MSC_ReadCapacity10  usbh_msc_scsi.o
    0x080035a8   0x080035a8   0x000000a0   Code   RO         7353    i.USBH_MSC_RequestSense  usbh_msc_scsi.o
    0x08003648   0x08003648   0x00000080   Code   RO         7354    i.USBH_MSC_TestUnitReady  usbh_msc_scsi.o
    0x080036c8   0x080036c8   0x000000a4   Code   RO         7355    i.USBH_MSC_Write10  usbh_msc_scsi.o
    0x0800376c   0x0800376c   0x00000034   Code   RO         7002    i.USBH_Modify_Channel  usbh_hcs.o
    0x080037a0   0x080037a0   0x000000a8   Code   RO         6845    i.USBH_OTG_ISR_Handler  usb_hcd_int.o
    0x08003848   0x08003848   0x00000050   Code   RO         7003    i.USBH_Open_Channel  usbh_hcs.o
    0x08003898   0x08003898   0x00000104   Code   RO         7140    i.USBH_ParseCfgDesc  usbh_stdreq.o
    0x0800399c   0x0800399c   0x00000058   Code   RO         7141    i.USBH_ParseDevDesc  usbh_stdreq.o
    0x080039f4   0x080039f4   0x00000020   Code   RO         7142    i.USBH_ParseEPDesc  usbh_stdreq.o
    0x08003a14   0x08003a14   0x00000026   Code   RO         7143    i.USBH_ParseInterfaceDesc  usbh_stdreq.o
    0x08003a3a   0x08003a3a   0x0000002e   Code   RO         7144    i.USBH_ParseStringDesc  usbh_stdreq.o
    0x08003a68   0x08003a68   0x00000192   Code   RO         6926    i.USBH_Process      usbh_core.o
    0x08003bfa   0x08003bfa   0x00000004   Code   RO         6927    i.USBH_SOF          usbh_core.o
    0x08003bfe   0x08003bfe   0x00000018   Code   RO         7145    i.USBH_SetAddress   usbh_stdreq.o
    0x08003c16   0x08003c16   0x00000018   Code   RO         7146    i.USBH_SetCfg       usbh_stdreq.o
    0x08003c2e   0x08003c2e   0x00000014   Code   RO         7061    i.USBH_SubmitSetupRequest  usbh_ioreq.o
    0x08003c42   0x08003c42   0x00000004   Code   RO         6331    i.USBH_USR_Configuration_DescAvailable  usbh_usr.o
    0x08003c46   0x08003c46   0x00000002   Code   RO         6332    i.USBH_USR_DeInit   usbh_usr.o
    0x08003c48   0x08003c48   0x00000002   Code   RO         6333    i.USBH_USR_DeviceAddressAssigned  usbh_usr.o
    0x08003c4a   0x08003c4a   0x00000002   PAD
    0x08003c4c   0x08003c4c   0x00000014   Code   RO         6334    i.USBH_USR_DeviceAttached  usbh_usr.o
    0x08003c60   0x08003c60   0x00000018   Code   RO         6335    i.USBH_USR_DeviceDisconnected  usbh_usr.o
    0x08003c78   0x08003c78   0x00000002   Code   RO         6336    i.USBH_USR_DeviceNotSupported  usbh_usr.o
    0x08003c7a   0x08003c7a   0x00000002   Code   RO         6337    i.USBH_USR_DeviceSpeedDetected  usbh_usr.o
    0x08003c7c   0x08003c7c   0x00000002   Code   RO         6338    i.USBH_USR_Device_DescAvailable  usbh_usr.o
    0x08003c7e   0x08003c7e   0x00000002   Code   RO         6339    i.USBH_USR_EnumerationDone  usbh_usr.o
    0x08003c80   0x08003c80   0x00000014   Code   RO         6340    i.USBH_USR_Init     usbh_usr.o
    0x08003c94   0x08003c94   0x00000004   Code   RO         6341    i.USBH_USR_MSC_Application  usbh_usr.o
    0x08003c98   0x08003c98   0x00000002   Code   RO         6342    i.USBH_USR_Manufacturer_String  usbh_usr.o
    0x08003c9a   0x08003c9a   0x00000002   Code   RO         6343    i.USBH_USR_OverCurrentDetected  usbh_usr.o
    0x08003c9c   0x08003c9c   0x00000002   Code   RO         6344    i.USBH_USR_Product_String  usbh_usr.o
    0x08003c9e   0x08003c9e   0x00000002   Code   RO         6345    i.USBH_USR_ResetDevice  usbh_usr.o
    0x08003ca0   0x08003ca0   0x00000002   Code   RO         6346    i.USBH_USR_SerialNum_String  usbh_usr.o
    0x08003ca2   0x08003ca2   0x00000002   Code   RO         6347    i.USBH_USR_UnrecoveredError  usbh_usr.o
    0x08003ca4   0x08003ca4   0x00000004   Code   RO         6348    i.USBH_USR_UserInput  usbh_usr.o
    0x08003ca8   0x08003ca8   0x00000010   Code   RO         6254    i.USB_OTG_BSP_ConfigVBUS  usb_bsp.o
    0x08003cb8   0x08003cb8   0x00000002   Code   RO         6255    i.USB_OTG_BSP_DriveVBUS  usb_bsp.o
    0x08003cba   0x08003cba   0x00000028   Code   RO         6256    i.USB_OTG_BSP_EnableInterrupt  usb_bsp.o
    0x08003ce2   0x08003ce2   0x00000002   PAD
    0x08003ce4   0x08003ce4   0x0000004c   Code   RO         6257    i.USB_OTG_BSP_Init  usb_bsp.o
    0x08003d30   0x08003d30   0x00000038   Code   RO         6258    i.USB_OTG_BSP_TimeInit  usb_bsp.o
    0x08003d68   0x08003d68   0x00000038   Code   RO         6259    i.USB_OTG_BSP_TimerIRQ  usb_bsp.o
    0x08003da0   0x08003da0   0x00000006   Code   RO         6260    i.USB_OTG_BSP_mDelay  usb_bsp.o
    0x08003da6   0x08003da6   0x00000006   Code   RO         6261    i.USB_OTG_BSP_uDelay  usb_bsp.o
    0x08003dac   0x08003dac   0x000000a8   Code   RO         6574    i.USB_OTG_CoreInit  usb_core.o
    0x08003e54   0x08003e54   0x000000b4   Code   RO         6575    i.USB_OTG_CoreInitHost  usb_core.o
    0x08003f08   0x08003f08   0x0000005c   Code   RO         6576    i.USB_OTG_CoreReset  usb_core.o
    0x08003f64   0x08003f64   0x00000010   Code   RO         6577    i.USB_OTG_DisableGlobalInt  usb_core.o
    0x08003f74   0x08003f74   0x00000048   Code   RO         6578    i.USB_OTG_DriveVbus  usb_core.o
    0x08003fbc   0x08003fbc   0x0000001c   Code   RO         6579    i.USB_OTG_EnableCommonInt  usb_core.o
    0x08003fd8   0x08003fd8   0x00000010   Code   RO         6580    i.USB_OTG_EnableGlobalInt  usb_core.o
    0x08003fe8   0x08003fe8   0x00000046   Code   RO         6581    i.USB_OTG_EnableHostInt  usb_core.o
    0x0800402e   0x0800402e   0x00000002   PAD
    0x08004030   0x08004030   0x0000003c   Code   RO         6582    i.USB_OTG_FlushRxFifo  usb_core.o
    0x0800406c   0x0800406c   0x00000044   Code   RO         6583    i.USB_OTG_FlushTxFifo  usb_core.o
    0x080040b0   0x080040b0   0x0000000a   Code   RO         6584    i.USB_OTG_GetMode   usb_core.o
    0x080040ba   0x080040ba   0x0000002a   Code   RO         6585    i.USB_OTG_HC_DoPing  usb_core.o
    0x080040e4   0x080040e4   0x00000064   Code   RO         6586    i.USB_OTG_HC_Halt   usb_core.o
    0x08004148   0x08004148   0x0000013c   Code   RO         6587    i.USB_OTG_HC_Init   usb_core.o
    0x08004284   0x08004284   0x00000120   Code   RO         6588    i.USB_OTG_HC_StartXfer  usb_core.o
    0x080043a4   0x080043a4   0x0000000c   Code   RO         6589    i.USB_OTG_InitFSLSPClkSel  usb_core.o
    0x080043b0   0x080043b0   0x0000000c   Code   RO         6591    i.USB_OTG_IsEvenFrame  usb_core.o
    0x080043bc   0x080043bc   0x0000000e   Code   RO         6592    i.USB_OTG_IsHostMode  usb_core.o
    0x080043ca   0x080043ca   0x0000000a   Code   RO         6593    i.USB_OTG_ReadCoreItr  usb_core.o
    0x080043d4   0x080043d4   0x00000018   Code   RO         6594    i.USB_OTG_ReadHPRT0  usb_core.o
    0x080043ec   0x080043ec   0x00000006   Code   RO         6595    i.USB_OTG_ReadHostAllChannels_intr  usb_core.o
    0x080043f2   0x080043f2   0x00000020   Code   RO         6597    i.USB_OTG_ReadPacket  usb_core.o
    0x08004412   0x08004412   0x0000002c   Code   RO         6598    i.USB_OTG_ResetPort  usb_core.o
    0x0800443e   0x0800443e   0x00000002   PAD
    0x08004440   0x08004440   0x000000c4   Code   RO         6599    i.USB_OTG_SelectCore  usb_core.o
    0x08004504   0x08004504   0x00000036   Code   RO         6600    i.USB_OTG_SetCurrentMode  usb_core.o
    0x0800453a   0x0800453a   0x00000002   PAD
    0x0800453c   0x0800453c   0x0000002c   Code   RO         6846    i.USB_OTG_USBH_handle_Disconnect_ISR  usb_hcd_int.o
    0x08004568   0x08004568   0x00000046   Code   RO         6847    i.USB_OTG_USBH_handle_IncompletePeriodicXfer_ISR  usb_hcd_int.o
    0x080045ae   0x080045ae   0x00000056   Code   RO         6848    i.USB_OTG_USBH_handle_hc_ISR  usb_hcd_int.o
    0x08004604   0x08004604   0x0000042a   Code   RO         6849    i.USB_OTG_USBH_handle_hc_n_In_ISR  usb_hcd_int.o
    0x08004a2e   0x08004a2e   0x000003d0   Code   RO         6850    i.USB_OTG_USBH_handle_hc_n_Out_ISR  usb_hcd_int.o
    0x08004dfe   0x08004dfe   0x0000012e   Code   RO         6851    i.USB_OTG_USBH_handle_nptxfempty_ISR  usb_hcd_int.o
    0x08004f2c   0x08004f2c   0x00000120   Code   RO         6852    i.USB_OTG_USBH_handle_port_ISR  usb_hcd_int.o
    0x0800504c   0x0800504c   0x0000012e   Code   RO         6853    i.USB_OTG_USBH_handle_ptxfempty_ISR  usb_hcd_int.o
    0x0800517a   0x0800517a   0x00000164   Code   RO         6854    i.USB_OTG_USBH_handle_rx_qlvl_ISR  usb_hcd_int.o
    0x080052de   0x080052de   0x00000002   PAD
    0x080052e0   0x080052e0   0x0000002c   Code   RO         6855    i.USB_OTG_USBH_handle_sof_ISR  usb_hcd_int.o
    0x0800530c   0x0800530c   0x00000028   Code   RO         6602    i.USB_OTG_WritePacket  usb_core.o
    0x08005334   0x08005334   0x00000002   Code   RO         5410    i.UsageFault_Handler  stm32f4xx_it.o
    0x08005336   0x08005336   0x00000012   Code   RO         5622    i.WriteOneHzChar_16  bsp_lcd.o
    0x08005348   0x08005348   0x000000a0   Code   RO         5623    i.WriteString_16    bsp_lcd.o
    0x080053e8   0x080053e8   0x0000000e   Code   RO         8863    i.__scatterload_copy  mc_w.l(handlers.o)
    0x080053f6   0x080053f6   0x00000002   Code   RO         8864    i.__scatterload_null  mc_w.l(handlers.o)
    0x080053f8   0x080053f8   0x0000000e   Code   RO         8865    i.__scatterload_zeroinit  mc_w.l(handlers.o)
    0x08005406   0x08005406   0x00000002   PAD
    0x08005408   0x08005408   0x0000007c   Code   RO         7469    i.check_fs          ff.o
    0x08005484   0x08005484   0x00000010   Code   RO         7470    i.chk_chr           ff.o
    0x08005494   0x08005494   0x00000018   Code   RO         7471    i.clust2sect        ff.o
    0x080054ac   0x080054ac   0x00000080   Code   RO         7472    i.cmp_lfn           ff.o
    0x0800552c   0x0800552c   0x000000a8   Code   RO         7473    i.create_chain      ff.o
    0x080055d4   0x080055d4   0x00000230   Code   RO         7474    i.create_name       ff.o
    0x08005804   0x08005804   0x0000000a   Code   RO         6030    i.delay             pbdata.o
    0x0800580e   0x0800580e   0x00000044   Code   RO         7475    i.dir_alloc         ff.o
    0x08005852   0x08005852   0x000000c6   Code   RO         7476    i.dir_find          ff.o
    0x08005918   0x08005918   0x00000114   Code   RO         7477    i.dir_next          ff.o
    0x08005a2c   0x08005a2c   0x00000104   Code   RO         7479    i.dir_register      ff.o
    0x08005b30   0x08005b30   0x000000a0   Code   RO         7481    i.dir_sdi           ff.o
    0x08005bd0   0x08005bd0   0x00000018   Code   RO         7412    i.disk_initialize   diskio.o
    0x08005be8   0x08005be8   0x00000038   Code   RO         7413    i.disk_ioctl        diskio.o
    0x08005c20   0x08005c20   0x00000060   Code   RO         7414    i.disk_read         diskio.o
    0x08005c80   0x08005c80   0x00000004   Code   RO         7415    i.disk_status       diskio.o
    0x08005c84   0x08005c84   0x0000004c   Code   RO         7416    i.disk_write        diskio.o
    0x08005cd0   0x08005cd0   0x0000004c   Code   RO         7491    i.f_mount           ff.o
    0x08005d1c   0x08005d1c   0x00000158   Code   RO         7492    i.f_open            ff.o
    0x08005e74   0x08005e74   0x0000017c   Code   RO         7497    i.f_read            ff.o
    0x08005ff0   0x08005ff0   0x00000058   Code   RO         7809    i.ff_convert        cc936.o
    0x08006048   0x08006048   0x0000002c   Code   RO         7810    i.ff_wtoupper       cc936.o
    0x08006074   0x08006074   0x00000034   Code   RO         5625    i.findHzIndex_16    bsp_lcd.o
    0x080060a8   0x080060a8   0x00000348   Code   RO         7507    i.find_volume       ff.o
    0x080063f0   0x080063f0   0x0000006c   Code   RO         7508    i.fit_lfn           ff.o
    0x0800645c   0x0800645c   0x0000006a   Code   RO         7509    i.follow_path       ff.o
    0x080064c6   0x080064c6   0x00000002   PAD
    0x080064c8   0x080064c8   0x00000098   Code   RO         7510    i.gen_numname       ff.o
    0x08006560   0x08006560   0x00000100   Code   RO         7511    i.get_fat           ff.o
    0x08006660   0x08006660   0x00000044   Code   RO         7417    i.get_fattime       diskio.o
    0x080066a4   0x080066a4   0x00000042   Code   RO         7513    i.get_ldnumber      ff.o
    0x080066e6   0x080066e6   0x0000000a   Code   RO         5173    i.keydelay          main.o
    0x080066f0   0x080066f0   0x0000001e   Code   RO         7514    i.ld_clust          ff.o
    0x0800670e   0x0800670e   0x00000002   PAD
    0x08006710   0x08006710   0x0000014c   Code   RO         5174    i.main              main.o
    0x0800685c   0x0800685c   0x00000018   Code   RO         7959    i.mbedtls_aes_crypt_ecb  aes.o
    0x08006874   0x08006874   0x0000000e   Code   RO         7962    i.mbedtls_aes_free  aes.o
    0x08006882   0x08006882   0x00000008   Code   RO         7963    i.mbedtls_aes_init  aes.o
    0x0800688a   0x0800688a   0x00000002   PAD
    0x0800688c   0x0800688c   0x000000cc   Code   RO         7964    i.mbedtls_aes_setkey_dec  aes.o
    0x08006958   0x08006958   0x000001a0   Code   RO         7965    i.mbedtls_aes_setkey_enc  aes.o
    0x08006af8   0x08006af8   0x000003dc   Code   RO         7966    i.mbedtls_internal_aes_decrypt  aes.o
    0x08006ed4   0x08006ed4   0x000003dc   Code   RO         7967    i.mbedtls_internal_aes_encrypt  aes.o
    0x080072b0   0x080072b0   0x00000010   Code   RO         8360    i.mbedtls_platform_zeroize  platform_util.o
    0x080072c0   0x080072c0   0x0000001a   Code   RO         7515    i.mem_cmp           ff.o
    0x080072da   0x080072da   0x00000012   Code   RO         7516    i.mem_cpy           ff.o
    0x080072ec   0x080072ec   0x00000010   Code   RO         7517    i.mem_set           ff.o
    0x080072fc   0x080072fc   0x00000034   Code   RO         7518    i.move_window       ff.o
    0x08007330   0x08007330   0x0000012c   Code   RO         7520    i.put_fat           ff.o
    0x0800745c   0x0800745c   0x00000066   Code   RO         7522    i.remove_chain      ff.o
    0x080074c2   0x080074c2   0x00000010   Code   RO         7523    i.st_clust          ff.o
    0x080074d2   0x080074d2   0x0000001a   Code   RO         7524    i.sum_sfn           ff.o
    0x080074ec   0x080074ec   0x00000054   Code   RO         7526    i.sync_window       ff.o
    0x08007540   0x08007540   0x0000002c   Code   RO         7527    i.validate          ff.o
    0x0800756c   0x0800756c   0x00000078   Data   RO         5177    .constdata          main.o
    0x080075e4   0x080075e4   0x0000195e   Data   RO         5629    .constdata          bsp_lcd.o
    0x08008f42   0x08008f42   0x000011d0   Data   RO         5948    .constdata          fonts.o
    0x0800a112   0x0800a112   0x000005f0   Data   RO         5955    .constdata          fonts.o
    0x0800a702   0x0800a702   0x0000003a   Data   RO         7529    .constdata          ff.o
    0x0800a73c   0x0800a73c   0x0002acc8   Data   RO         7811    .constdata          cc936.o
    0x08035404   0x08035404   0x00002228   Data   RO         7968    .constdata          aes.o
    0x0803762c   0x0803762c   0x00000020   Data   RO         8861    Region$$Table       anon$$obj.o


    Execution Region RW_IRAM1 (Exec base: 0x20000000, Load base: 0x0803764c, Size: 0x000042f0, Max: 0x00030000, ABSOLUTE)

    Exec Addr    Load Addr    Size         Type   Attr      Idx    E Section Name        Object

    0x20000000   0x0803764c   0x00000010   Data   RW         5178    .data               main.o
    0x20000010   0x0803765c   0x0000001c   Data   RW         5630    .data               bsp_lcd.o
    0x2000002c   0x08037678   0x00000008   Data   RW         5957    .data               fonts.o
    0x20000034   0x08037680   0x00000001   Data   RW         6069    .data               pbdata.o
    0x20000035   0x08037681   0x00000001   Data   RW         6070    .data               pbdata.o
    0x20000036   0x08037682   0x00000002   PAD
    0x20000038   0x08037684   0x00000004   Data   RW         6082    .data               pbdata.o
    0x2000003c   0x08037688   0x00000004   Data   RW         6262    .data               usb_bsp.o
    0x20000040   0x0803768c   0x00000048   Data   RW         6366    .data               usbh_usr.o
    0x20000088   0x080376d4   0x00000001   Data   RW         6367    .data               usbh_usr.o
    0x20000089   0x080376d5   0x00000003   PAD
    0x2000008c   0x080376d8   0x0000000c   Data   RW         6928    .data               usbh_core.o
    0x20000098   0x080376e4   0x00000004   Data   RW         6929    .data               usbh_core.o
    0x2000009c   0x080376e8   0x00000002   Data   RW         6930    .data               usbh_core.o
    0x2000009e   0x080376ea   0x00000004   Data   RW         7149    .data               usbh_stdreq.o
    0x200000a2   0x080376ee   0x00000002   PAD
    0x200000a4   0x080376f0   0x00000014   Data   RW         7243    .data               usbh_msc_bot.o
    0x200000b8   0x08037704   0x00000002   Data   RW         7295    .data               usbh_msc_core.o
    0x200000ba   0x08037706   0x00000002   PAD
    0x200000bc   0x08037708   0x00000010   Data   RW         7296    .data               usbh_msc_core.o
    0x200000cc   0x08037718   0x00000001   Data   RW         7358    .data               usbh_msc_scsi.o
    0x200000cd   0x08037719   0x00000001   PAD
    0x200000ce   0x0803771a   0x00000002   Data   RW         7530    .data               ff.o
    0x200000d0   0x0803771c   0x00000007   Data   RW         7888    .data               keyboard.o
    0x200000d7   0x08037723   0x00000001   PAD
    0x200000d8   0x08037724   0x00000004   Data   RW         8361    .data               platform_util.o
    0x200000dc        -       0x0000317c   Zero   RW         5175    .bss                main.o
    0x20003258        -       0x000005ac   Zero   RW         6349    .bss                usbh_usr.o
    0x20003804        -       0x00000084   Zero   RW         6350    .bss                usbh_usr.o
    0x20003888        -       0x00000200   Zero   RW         7148    .bss                usbh_stdreq.o
    0x20003a88        -       0x00000040   Zero   RW         7242    .bss                usbh_msc_bot.o
    0x20003ac8        -       0x0000020a   Zero   RW         7294    .bss                usbh_msc_core.o
    0x20003cd2   0x08037728   0x00000002   PAD
    0x20003cd4        -       0x00000210   Zero   RW         7356    .bss                usbh_msc_scsi.o
    0x20003ee4        -       0x0000000c   Zero   RW         7528    .bss                ff.o
    0x20003ef0        -       0x00000400   Zero   RW            1    STACK               startup_stm32f429_439xx.o


==============================================================================

Image component sizes


      Code (inc. data)   RO Data    RW Data    ZI Data      Debug   Object Name

      2642         30       8744          0          0      18186   aes.o
       120          4          0          0          0       1565   bsp_basic_tim.o
      1880        112       6494         28          0      18542   bsp_lcd.o
        92          6          0          0          0        578   bsp_led.o
      1196         28          0          0          0       3025   bsp_sdram.o
       132         20     175304          0          0       2447   cc936.o
         0          0          0          0          0        524   certs.o
       324         28          0          0          0       5304   diskio.o
      5024         60         58          2         12      32070   ff.o
       182          8          0          0          0       2836   flash_if.o
        20          6       6080          8          0       2314   fonts.o
      1092         66          0          7          0       7902   keyboard.o
      1122        168        120         16      12668      78931   main.o
       144         24          0          0          0       2365   misc.o
        10          0          0          6          0      11673   pbdata.o
        16          6          0          4          0       1323   platform_util.o
        36          8        428          0       1024        960   startup_stm32f429_439xx.o
       244         18          0          0          0       3288   stm32f4xx_dma2d.o
        36          8          0          0          0        542   stm32f4xx_exti.o
       314         34          0          0          0       4600   stm32f4xx_flash.o
       364         10          0          0          0       3879   stm32f4xx_fmc.o
       178          0          0          0          0       3879   stm32f4xx_gpio.o
        58          6          0          0          0       4628   stm32f4xx_it.o
       390         24          0          0          0       4750   stm32f4xx_ltdc.o
       400         86          0          0          0       8386   stm32f4xx_rcc.o
       658         46          0          0          0       6893   stm32f4xx_rtc.o
       656         80          0          0          0       6818   stm32f4xx_tim.o
       304         36          0          0          0     325269   system_stm32f4xx.o
       402         20          0          4          0       5956   usb_bsp.o
      1970         26          0          0          0      19379   usb_core.o
       160          0          0          0          0       5287   usb_hcd.o
      3702         16          0          0          0      10803   usb_hcd_int.o
      1554         42          0         18          0       9973   usbh_core.o
       246          0          0          0          0       4680   usbh_hcs.o
       336          0          0          0          0       5810   usbh_ioreq.o
        16          6          0          0          0        926   usbh_it.o
       828         64          0         20         64       7385   usbh_msc_bot.o
       688         56          0         18        522       7217   usbh_msc_core.o
       988         72          0          1        528       7684   usbh_msc_scsi.o
       810         12          0          4        512      10673   usbh_stdreq.o
       100         24          0         73       1584      13241   usbh_usr.o

    ----------------------------------------------------------------------
     29472       1260     197260        220      16916     672491   Object Totals
         0          0         32          0          0          0   (incl. Generated)
        38          0          0         11          2          0   (incl. Padding)

    ----------------------------------------------------------------------

      Code (inc. data)   RO Data    RW Data    ZI Data      Debug   Library Member Name

         0          0          0          0          0          0   entry.o
         0          0          0          0          0          0   entry10a.o
         0          0          0          0          0          0   entry11a.o
         8          4          0          0          0          0   entry2.o
         4          0          0          0          0          0   entry5.o
         0          0          0          0          0          0   entry7b.o
         0          0          0          0          0          0   entry8b.o
         8          4          0          0          0          0   entry9a.o
        30          0          0          0          0          0   handlers.o
        36          8          0          0          0         68   init.o
        36          0          0          0          0         68   memcpya.o
        36          0          0          0          0        108   memseta.o

    ----------------------------------------------------------------------
       160         16          0          0          0        244   Library Totals
         2          0          0          0          0          0   (incl. Padding)

    ----------------------------------------------------------------------

      Code (inc. data)   RO Data    RW Data    ZI Data      Debug   Library Name

       158         16          0          0          0        244   mc_w.l

    ----------------------------------------------------------------------
       160         16          0          0          0        244   Library Totals

    ----------------------------------------------------------------------

==============================================================================


      Code (inc. data)   RO Data    RW Data    ZI Data      Debug   

     29632       1276     197260        220      16916     644887   Grand Totals
     29632       1276     197260        220      16916     644887   ELF Image Totals
     29632       1276     197260        220          0          0   ROM Totals

==============================================================================

    Total RO  Size (Code + RO Data)               226892 ( 221.57kB)
    Total RW  Size (RW Data + ZI Data)             17136 (  16.73kB)
    Total ROM Size (Code + RO Data + RW Data)     227112 ( 221.79kB)

==============================================================================

